Component: ARM Compiler 5.06 update 6 (build 750) Tool: armlink [4d35ed]

==============================================================================

Section Cross References

    startup_stm32f103xb.o(STACK) refers (Special) to heapauxi.o(.text) for __use_two_region_memory
    startup_stm32f103xb.o(HEAP) refers (Special) to heapauxi.o(.text) for __use_two_region_memory
    startup_stm32f103xb.o(RESET) refers (Special) to heapauxi.o(.text) for __use_two_region_memory
    startup_stm32f103xb.o(RESET) refers to startup_stm32f103xb.o(STACK) for __initial_sp
    startup_stm32f103xb.o(RESET) refers to startup_stm32f103xb.o(.text) for Reset_Handler
    startup_stm32f103xb.o(RESET) refers to stm32f1xx_it.o(i.NMI_Handler) for NMI_Handler
    startup_stm32f103xb.o(RESET) refers to stm32f1xx_it.o(i.HardFault_Handler) for HardFault_Handler
    startup_stm32f103xb.o(RESET) refers to stm32f1xx_it.o(i.MemManage_Handler) for MemManage_Handler
    startup_stm32f103xb.o(RESET) refers to stm32f1xx_it.o(i.BusFault_Handler) for BusFault_Handler
    startup_stm32f103xb.o(RESET) refers to stm32f1xx_it.o(i.UsageFault_Handler) for UsageFault_Handler
    startup_stm32f103xb.o(RESET) refers to port.o(.emb_text) for SVC_Handler
    startup_stm32f103xb.o(RESET) refers to stm32f1xx_it.o(i.DebugMon_Handler) for DebugMon_Handler
    startup_stm32f103xb.o(RESET) refers to port.o(i.SysTick_Handler) for SysTick_Handler
    startup_stm32f103xb.o(RESET) refers to stm32f1xx_it.o(i.TIM1_UP_IRQHandler) for TIM1_UP_IRQHandler
    startup_stm32f103xb.o(.text) refers (Special) to heapauxi.o(.text) for __use_two_region_memory
    startup_stm32f103xb.o(.text) refers to system_stm32f1xx.o(i.SystemInit) for SystemInit
    startup_stm32f103xb.o(.text) refers to __main.o(!!!main) for __main
    startup_stm32f103xb.o(.text) refers to startup_stm32f103xb.o(HEAP) for Heap_Mem
    startup_stm32f103xb.o(.text) refers to startup_stm32f103xb.o(STACK) for Stack_Mem
    main.o(i.HAL_TIM_PeriodElapsedCallback) refers to stm32f1xx_hal.o(i.HAL_IncTick) for HAL_IncTick
    main.o(i.MX_ADC1_Init) refers to stm32f1xx_hal_adc.o(i.HAL_ADC_Init) for HAL_ADC_Init
    main.o(i.MX_ADC1_Init) refers to stm32f1xx_hal_adc.o(i.HAL_ADC_ConfigChannel) for HAL_ADC_ConfigChannel
    main.o(i.MX_ADC1_Init) refers to main.o(.bss) for .bss
    main.o(i.MX_GPIO_Init) refers to stm32f1xx_hal_gpio.o(i.HAL_GPIO_WritePin) for HAL_GPIO_WritePin
    main.o(i.MX_GPIO_Init) refers to stm32f1xx_hal_gpio.o(i.HAL_GPIO_Init) for HAL_GPIO_Init
    main.o(i.MX_TIM2_Init) refers to stm32f1xx_hal_tim.o(i.HAL_TIM_Base_Init) for HAL_TIM_Base_Init
    main.o(i.MX_TIM2_Init) refers to stm32f1xx_hal_tim.o(i.HAL_TIM_ConfigClockSource) for HAL_TIM_ConfigClockSource
    main.o(i.MX_TIM2_Init) refers to stm32f1xx_hal_tim_ex.o(i.HAL_TIMEx_MasterConfigSynchronization) for HAL_TIMEx_MasterConfigSynchronization
    main.o(i.MX_TIM2_Init) refers to main.o(.bss) for .bss
    main.o(i.PWM_duty) refers to stm32f1xx_hal_gpio.o(i.HAL_GPIO_WritePin) for HAL_GPIO_WritePin
    main.o(i.PWM_duty) refers to main.o(i.Delay_TIM_us) for Delay_TIM_us
    main.o(i.PWM_duty) refers to main.o(.bss) for .bss
    main.o(i.SystemClock_Config) refers to rt_memclr_w.o(.text) for __aeabi_memclr4
    main.o(i.SystemClock_Config) refers to stm32f1xx_hal_rcc.o(i.HAL_RCC_OscConfig) for HAL_RCC_OscConfig
    main.o(i.SystemClock_Config) refers to stm32f1xx_hal_rcc.o(i.HAL_RCC_ClockConfig) for HAL_RCC_ClockConfig
    main.o(i.SystemClock_Config) refers to stm32f1xx_hal_rcc_ex.o(i.HAL_RCCEx_PeriphCLKConfig) for HAL_RCCEx_PeriphCLKConfig
    main.o(i.TaskDisplay) refers to ffix.o(x$fpl$ffix) for __aeabi_f2iz
    main.o(i.TaskDisplay) refers to fflt_clz.o(x$fpl$ffltu) for __aeabi_ui2f
    main.o(i.TaskDisplay) refers to faddsub_clz.o(x$fpl$frsb) for __aeabi_frsub
    main.o(i.TaskDisplay) refers to ffixu.o(x$fpl$ffixu) for __aeabi_f2uiz
    main.o(i.TaskDisplay) refers to lcd16x2.o(i.LCD_Puts) for LCD_Puts
    main.o(i.TaskDisplay) refers to lcd16x2.o(i.LCD_PutChar) for LCD_PutChar
    main.o(i.TaskDisplay) refers to dflt_clz.o(x$fpl$dfltu) for __aeabi_ui2d
    main.o(i.TaskDisplay) refers to ddiv.o(x$fpl$ddiv) for __aeabi_ddiv
    main.o(i.TaskDisplay) refers to daddsub_clz.o(x$fpl$dadd) for __aeabi_dadd
    main.o(i.TaskDisplay) refers to dfixu.o(x$fpl$dfixu) for __aeabi_d2uiz
    main.o(i.TaskDisplay) refers to cmsis_os.o(i.osDelay) for osDelay
    main.o(i.TaskDisplay) refers to stm32f1xx_hal_adc.o(i.HAL_ADC_Start) for HAL_ADC_Start
    main.o(i.TaskDisplay) refers to stm32f1xx_hal_adc.o(i.HAL_ADC_GetValue) for HAL_ADC_GetValue
    main.o(i.TaskDisplay) refers to dmul.o(x$fpl$dmul) for __aeabi_dmul
    main.o(i.TaskDisplay) refers to scalbn.o(x$fpl$scalbn) for __ARM_scalbn
    main.o(i.TaskDisplay) refers to d2f.o(x$fpl$d2f) for __aeabi_d2f
    main.o(i.TaskDisplay) refers to stm32f1xx_hal_adc.o(i.HAL_ADC_Stop) for HAL_ADC_Stop
    main.o(i.TaskDisplay) refers to main.o(.data) for .data
[...]
    ../clib/signal.c                         0x00000000   Number         0  defsig_pvfn_inner.o ABSOLUTE
    ../clib/signal.c                         0x00000000   Number         0  defsig_exit.o ABSOLUTE
    ../clib/signal.c                         0x00000000   Number         0  defsig_rtmem_formal.o ABSOLUTE
    ../clib/signal.c                         0x00000000   Number         0  defsig_rtmem_outer.o ABSOLUTE
    ../clib/signal.c                         0x00000000   Number         0  defsig_rtred_inner.o ABSOLUTE
    ../clib/signal.c                         0x00000000   Number         0  defsig_fpe_inner.o ABSOLUTE
    ../clib/signal.c                         0x00000000   Number         0  defsig_cppl_inner.o ABSOLUTE
    ../clib/signal.s                         0x00000000   Number         0  defsig.o ABSOLUTE
    ../clib/stdlib.c                         0x00000000   Number         0  exit.o ABSOLUTE
    ../fplib/d2f.s                           0x00000000   Number         0  d2f.o ABSOLUTE
    ../fplib/daddsub.s                       0x00000000   Number         0  daddsub_clz.o ABSOLUTE
    ../fplib/dcheck1.s                       0x00000000   Number         0  dcheck1.o ABSOLUTE
    ../fplib/ddiv.s                          0x00000000   Number         0  ddiv.o ABSOLUTE
    ../fplib/dfixu.s                         0x00000000   Number         0  dfixu.o ABSOLUTE
    ../fplib/dflt.s                          0x00000000   Number         0  dflt_clz.o ABSOLUTE
    ../fplib/dmul.s                          0x00000000   Number         0  dmul.o ABSOLUTE
    ../fplib/dnaninf.s                       0x00000000   Number         0  dnaninf.o ABSOLUTE
    ../fplib/dretinf.s                       0x00000000   Number         0  dretinf.o ABSOLUTE
    ../fplib/faddsub.s                       0x00000000   Number         0  faddsub_clz.o ABSOLUTE
    ../fplib/ffix.s                          0x00000000   Number         0  ffix.o ABSOLUTE
    ../fplib/ffixu.s                         0x00000000   Number         0  ffixu.o ABSOLUTE
    ../fplib/fflt.s                          0x00000000   Number         0  fflt_clz.o ABSOLUTE
    ../fplib/fnaninf.s                       0x00000000   Number         0  fnaninf.o ABSOLUTE
    ../fplib/fpinit.s                        0x00000000   Number         0  fpinit.o ABSOLUTE
    ../fplib/fretinf.s                       0x00000000   Number         0  fretinf.o ABSOLUTE
    ../fplib/retnan.s                        0x00000000   Number         0  retnan.o ABSOLUTE
    ../fplib/scalbn.s                        0x00000000   Number         0  scalbn.o ABSOLUTE
    ../fplib/trapv.s                         0x00000000   Number         0  trapv.o ABSOLUTE
    ../fplib/usenofp.s                       0x00000000   Number         0  usenofp.o ABSOLUTE
    ..\Core\Src\freertos.c                   0x00000000   Number         0  freertos.o ABSOLUTE
    ..\Core\Src\lcd16x2.c                    0x00000000   Number         0  lcd16x2.o ABSOLUTE
    ..\Core\Src\main.c                       0x00000000   Number         0  main.o ABSOLUTE
    ..\Core\Src\stm32f1xx_hal_msp.c          0x00000000   Number         0  stm32f1xx_hal_msp.o ABSOLUTE
    ..\Core\Src\stm32f1xx_hal_timebase_tim.c 0x00000000   Number         0  stm32f1xx_hal_timebase_tim.o ABSOLUTE
    ..\Core\Src\stm32f1xx_it.c               0x00000000   Number         0  stm32f1xx_it.o ABSOLUTE
    ..\Core\Src\system_stm32f1xx.c           0x00000000   Number         0  system_stm32f1xx.o ABSOLUTE
    ..\Drivers\STM32F1xx_HAL_Driver\Src\stm32f1xx_hal.c 0x00000000   Number         0  stm32f1xx_hal.o ABSOLUTE
    ..\Drivers\STM32F1xx_HAL_Driver\Src\stm32f1xx_hal_adc.c 0x00000000   Number         0  stm32f1xx_hal_adc.o ABSOLUTE
    ..\Drivers\STM32F1xx_HAL_Driver\Src\stm32f1xx_hal_adc_ex.c 0x00000000   Number         0  stm32f1xx_hal_adc_ex.o ABSOLUTE
    ..\Drivers\STM32F1xx_HAL_Driver\Src\stm32f1xx_hal_cortex.c 0x00000000   Number         0  stm32f1xx_hal_cortex.o ABSOLUTE
    ..\Drivers\STM32F1xx_HAL_Driver\Src\stm32f1xx_hal_dma.c 0x00000000   Number         0  stm32f1xx_hal_dma.o ABSOLUTE
    ..\Drivers\STM32F1xx_HAL_Driver\Src\stm32f1xx_hal_exti.c 0x00000000   Number         0  stm32f1xx_hal_exti.o ABSOLUTE
    ..\Drivers\STM32F1xx_HAL_Driver\Src\stm32f1xx_hal_flash.c 0x00000000   Number         0  stm32f1xx_hal_flash.o ABSOLUTE
    ..\Drivers\STM32F1xx_HAL_Driver\Src\stm32f1xx_hal_flash_ex.c 0x00000000   Number         0  stm32f1xx_hal_flash_ex.o ABSOLUTE
    ..\Drivers\STM32F1xx_HAL_Driver\Src\stm32f1xx_hal_gpio.c 0x00000000   Number         0  stm32f1xx_hal_gpio.o ABSOLUTE
    ..\Drivers\STM32F1xx_HAL_Driver\Src\stm32f1xx_hal_gpio_ex.c 0x00000000   Number         0  stm32f1xx_hal_gpio_ex.o ABSOLUTE
    ..\Drivers\STM32F1xx_HAL_Driver\Src\stm32f1xx_hal_pwr.c 0x00000000   Number         0  stm32f1xx_hal_pwr.o ABSOLUTE
    ..\Drivers\STM32F1xx_HAL_Driver\Src\stm32f1xx_hal_rcc.c 0x00000000   Number         0  stm32f1xx_hal_rcc.o ABSOLUTE
    ..\Drivers\STM32F1xx_HAL_Driver\Src\stm32f1xx_hal_rcc_ex.c 0x00000000   Number         0  stm32f1xx_hal_rcc_ex.o ABSOLUTE
    ..\Drivers\STM32F1xx_HAL_Driver\Src\stm32f1xx_hal_tim.c 0x00000000   Number         0  stm32f1xx_hal_tim.o ABSOLUTE
    ..\Drivers\STM32F1xx_HAL_Driver\Src\stm32f1xx_hal_tim_ex.c 0x00000000   Number         0  stm32f1xx_hal_tim_ex.o ABSOLUTE
    ..\Middlewares\Third_Party\FreeRTOS\Source\CMSIS_RTOS\cmsis_os.c 0x00000000   Number         0  cmsis_os.o ABSOLUTE
    ..\Middlewares\Third_Party\FreeRTOS\Source\portable\RVDS\ARM_CM3\port.c 0x00000000   Number         0  port.o ABSOLUTE
    ..\\Core\\Src\\lcd16x2.c                 0x00000000   Number         0  lcd16x2.o ABSOLUTE
    dc.s                                     0x00000000   Number         0  dc.o ABSOLUTE
    startup_stm32f103xb.s                    0x00000000   Number         0  startup_stm32f103xb.o ABSOLUTE
    RESET                                    0x08000000   Section      236  startup_stm32f103xb.o(RESET)
    !!!main                                  0x080000ec   Section        8  __main.o(!!!main)
    !!!scatter                               0x080000f4   Section       52  __scatter.o(!!!scatter)
    !!handler_copy                           0x08000128   Section       26  __scatter_copy.o(!!handler_copy)
    !!handler_zi                             0x08000144   Section       28  __scatter_zi.o(!!handler_zi)
    .ARM.Collect$$libinit$$00000000          0x08000160   Section        2  libinit.o(.ARM.Collect$$libinit$$00000000)
    .ARM.Collect$$libinit$$00000002          0x08000162   Section        0  libinit2.o(.ARM.Collect$$libinit$$00000002)
    .ARM.Collect$$libinit$$00000004          0x08000162   Section        0  libinit2.o(.ARM.Collect$$libinit$$00000004)
    .ARM.Collect$$libinit$$0000000A          0x08000162   Section        0  libinit2.o(.ARM.Collect$$libinit$$0000000A)
    .ARM.Collect$$libinit$$0000000C          0x08000162   Section        0  libinit2.o(.ARM.Collect$$libinit$$0000000C)
    .ARM.Collect$$libinit$$0000000E          0x08000162   Section        0  libinit2.o(.ARM.Collect$$libinit$$0000000E)
    .ARM.Collect$$libinit$$00000011          0x08000162   Section        0  libinit2.o(.ARM.Collect$$libinit$$00000011)
    .ARM.Collect$$libinit$$00000013          0x08000162   Section        0  libinit2.o(.ARM.Collect$$libinit$$00000013)
    .ARM.Collect$$libinit$$00000015          0x08000162   Section        0  libinit2.o(.ARM.Collect$$libinit$$00000015)
    .ARM.Collect$$libinit$$00000017          0x08000162   Section        0  libinit2.o(.ARM.Collect$$libinit$$00000017)
    .ARM.Collect$$libinit$$00000019          0x08000162   Section        0  libinit2.o(.ARM.Collect$$libinit$$00000019)
    .ARM.Collect$$libinit$$0000001B          0x08000162   Section        0  libinit2.o(.ARM.Collect$$libinit$$0000001B)
    .ARM.Collect$$libinit$$0000001D          0x08000162   Section        0  libinit2.o(.ARM.Collect$$libinit$$0000001D)
    .ARM.Collect$$libinit$$0000001F          0x08000162   Section        0  libinit2.o(.ARM.Collect$$libinit$$0000001F)
    .ARM.Collect$$libinit$$00000021          0x08000162   Section        0  libinit2.o(.ARM.Collect$$libinit$$00000021)
    .ARM.Collect$$libinit$$00000023          0x08000162   Section        0  libinit2.o(.ARM.Collect$$libinit$$00000023)
    .ARM.Collect$$libinit$$00000025          0x08000162   Section        0  libinit2.o(.ARM.Collect$$libinit$$00000025)
    .ARM.Collect$$libinit$$0000002C          0x08000162   Section        0  libinit2.o(.ARM.Collect$$libinit$$0000002C)
    .ARM.Collect$$libinit$$0000002E          0x08000162   Section        0  libinit2.o(.ARM.Collect$$libinit$$0000002E)
    .ARM.Collect$$libinit$$00000030          0x08000162   Section        0  libinit2.o(.ARM.Collect$$libinit$$00000030)
    .ARM.Collect$$libinit$$00000032          0x08000162   Section        0  libinit2.o(.ARM.Collect$$libinit$$00000032)
    .ARM.Collect$$libinit$$00000033          0x08000162   Section        2  libinit2.o(.ARM.Collect$$libinit$$00000033)
    .ARM.Collect$$libshutdown$$00000000      0x08000164   Section        2  libshutdown.o(.ARM.Collect$$libshutdown$$00000000)
    .ARM.Collect$$libshutdown$$00000002      0x08000166   Section        0  libshutdown2.o(.ARM.Collect$$libshutdown$$00000002)
    .ARM.Collect$$libshutdown$$00000004      0x08000166   Section        0  libshutdown2.o(.ARM.Collect$$libshutdown$$00000004)
    .ARM.Collect$$libshutdown$$00000007      0x08000166   Section        0  libshutdown2.o(.ARM.Collect$$libshutdown$$00000007)
    .ARM.Collect$$libshutdown$$0000000A      0x08000166   Section        0  libshutdown2.o(.ARM.Collect$$libshutdown$$0000000A)
    .ARM.Collect$$libshutdown$$0000000C      0x08000166   Section        0  libshutdown2.o(.ARM.Collect$$libshutdown$$0000000C)
    .ARM.Collect$$libshutdown$$0000000F      0x08000166   Section        0  libshutdown2.o(.ARM.Collect$$libshutdown$$0000000F)
    .ARM.Collect$$libshutdown$$00000010      0x08000166   Section        2  libshutdown2.o(.ARM.Collect$$libshutdown$$00000010)
    .ARM.Collect$$rtentry$$00000000          0x08000168   Section        0  __rtentry.o(.ARM.Collect$$rtentry$$00000000)
    .ARM.Collect$$rtentry$$00000002          0x08000168   Section        0  __rtentry2.o(.ARM.Collect$$rtentry$$00000002)
    .ARM.Collect$$rtentry$$00000004          0x08000168   Section        6  __rtentry4.o(.ARM.Collect$$rtentry$$00000004)
    .ARM.Collect$$rtentry$$00000009          0x0800016e   Section        0  __rtentry2.o(.ARM.Collect$$rtentry$$00000009)
    .ARM.Collect$$rtentry$$0000000A          0x0800016e   Section        4  __rtentry2.o(.ARM.Collect$$rtentry$$0000000A)
    .ARM.Collect$$rtentry$$0000000C          0x08000172   Section        0  __rtentry2.o(.ARM.Collect$$rtentry$$0000000C)
    .ARM.Collect$$rtentry$$0000000D          0x08000172   Section        8  __rtentry2.o(.ARM.Collect$$rtentry$$0000000D)
    .ARM.Collect$$rtexit$$00000000           0x0800017a   Section        2  rtexit.o(.ARM.Collect$$rtexit$$00000000)
    .ARM.Collect$$rtexit$$00000002           0x0800017c   Section        0  rtexit2.o(.ARM.Collect$$rtexit$$00000002)
    .ARM.Collect$$rtexit$$00000003           0x0800017c   Section        4  rtexit2.o(.ARM.Collect$$rtexit$$00000003)
    .ARM.Collect$$rtexit$$00000004           0x08000180   Section        6  rtexit2.o(.ARM.Collect$$rtexit$$00000004)
    .emb_text                                0x08000188   Section      150  port.o(.emb_text)
    .text                                    0x08000220   Section       64  startup_stm32f103xb.o(.text)
    .text                                    0x08000260   Section      100  rt_memcpy_w.o(.text)
    .text                                    0x080002c4   Section       78  rt_memclr_w.o(.text)
    .text                                    0x08000312   Section        0  heapauxi.o(.text)
    .text                                    0x08000318   Section       74  sys_stackheap_outer.o(.text)
    .text                                    0x08000362   Section        0  exit.o(.text)
    .text                                    0x08000374   Section        8  libspace.o(.text)
    .text                                    0x0800037c   Section        0  sys_exit.o(.text)
    .text                                    0x08000388   Section        2  use_no_semi.o(.text)
    .text                                    0x0800038a   Section        0  indicate_semi.o(.text)
    i.ADC_ConversionStop_Disable             0x0800038c   Section        0  stm32f1xx_hal_adc.o(i.ADC_ConversionStop_Disable)
    i.ADC_Enable                             0x080003e4   Section        0  stm32f1xx_hal_adc.o(i.ADC_Enable)
    i.BusFault_Handler                       0x08000460   Section        0  stm32f1xx_it.o(i.BusFault_Handler)
    i.DebugMon_Handler                       0x08000462   Section        0  stm32f1xx_it.o(i.DebugMon_Handler)
    i.Delay_TIM_us                           0x08000464   Section        0  main.o(i.Delay_TIM_us)
    i.HAL_ADC_ConfigChannel                  0x08000474   Section        0  stm32f1xx_hal_adc.o(i.HAL_ADC_ConfigChannel)
    i.HAL_ADC_GetValue                       0x08000570   Section        0  stm32f1xx_hal_adc.o(i.HAL_ADC_GetValue)
    i.HAL_ADC_Init                           0x08000578   Section        0  stm32f1xx_hal_adc.o(i.HAL_ADC_Init)
    i.HAL_ADC_MspInit                        0x08000694   Section        0  stm32f1xx_hal_msp.o(i.HAL_ADC_MspInit)
    i.HAL_ADC_Start                          0x080006ec   Section        0  stm32f1xx_hal_adc.o(i.HAL_ADC_Start)
    i.HAL_ADC_Stop                           0x080007ac   Section        0  stm32f1xx_hal_adc.o(i.HAL_ADC_Stop)
    i.HAL_GPIO_Init                          0x080007e0   Section        0  stm32f1xx_hal_gpio.o(i.HAL_GPIO_Init)
    i.HAL_GPIO_WritePin                      0x080009c0   Section        0  stm32f1xx_hal_gpio.o(i.HAL_GPIO_WritePin)
    i.HAL_GetTick                            0x080009cc   Section        0  stm32f1xx_hal.o(i.HAL_GetTick)
    i.HAL_IncTick                            0x080009d8   Section        0  stm32f1xx_hal.o(i.HAL_IncTick)
    i.HAL_Init                               0x080009e8   Section        0  stm32f1xx_hal.o(i.HAL_Init)
    i.HAL_InitTick                           0x08000a0c   Section        0  stm32f1xx_hal_timebase_tim.o(i.HAL_InitTick)
    i.HAL_MspInit                            0x08000a98   Section        0  stm32f1xx_hal_msp.o(i.HAL_MspInit)
    i.HAL_NVIC_EnableIRQ                     0x08000ae0   Section        0  stm32f1xx_hal_cortex.o(i.HAL_NVIC_EnableIRQ)
    i.HAL_NVIC_SetPriority                   0x08000afc   Section        0  stm32f1xx_hal_cortex.o(i.HAL_NVIC_SetPriority)
    i.HAL_NVIC_SetPriorityGrouping           0x08000b3c   Section        0  stm32f1xx_hal_cortex.o(i.HAL_NVIC_SetPriorityGrouping)
    i.HAL_RCCEx_PeriphCLKConfig              0x08000b60   Section        0  stm32f1xx_hal_rcc_ex.o(i.HAL_RCCEx_PeriphCLKConfig)
    i.HAL_RCC_ClockConfig                    0x08000c4c   Section        0  stm32f1xx_hal_rcc.o(i.HAL_RCC_ClockConfig)
    i.HAL_RCC_GetClockConfig                 0x08000d78   Section        0  stm32f1xx_hal_rcc.o(i.HAL_RCC_GetClockConfig)
    i.HAL_RCC_GetPCLK2Freq                   0x08000db8   Section        0  stm32f1xx_hal_rcc.o(i.HAL_RCC_GetPCLK2Freq)
    i.HAL_RCC_GetSysClockFreq                0x08000dd8   Section        0  stm32f1xx_hal_rcc.o(i.HAL_RCC_GetSysClockFreq)
    i.HAL_RCC_OscConfig                      0x08000e44   Section        0  stm32f1xx_hal_rcc.o(i.HAL_RCC_OscConfig)
    i.HAL_TIMEx_BreakCallback                0x08001164   Section        0  stm32f1xx_hal_tim_ex.o(i.HAL_TIMEx_BreakCallback)
    i.HAL_TIMEx_CommutCallback               0x08001166   Section        0  stm32f1xx_hal_tim_ex.o(i.HAL_TIMEx_CommutCallback)
    i.HAL_TIMEx_MasterConfigSynchronization  0x08001168   Section        0  stm32f1xx_hal_tim_ex.o(i.HAL_TIMEx_MasterConfigSynchronization)
    i.HAL_TIM_Base_Init                      0x080011d0   Section        0  stm32f1xx_hal_tim.o(i.HAL_TIM_Base_Init)
    i.HAL_TIM_Base_MspInit                   0x0800122c   Section        0  stm32f1xx_hal_msp.o(i.HAL_TIM_Base_MspInit)
    i.HAL_TIM_Base_Start                     0x08001250   Section        0  stm32f1xx_hal_tim.o(i.HAL_TIM_Base_Start)
    i.HAL_TIM_Base_Start_IT                  0x080012a0   Section        0  stm32f1xx_hal_tim.o(i.HAL_TIM_Base_Start_IT)
    i.HAL_TIM_ConfigClockSource              0x080012f8   Section        0  stm32f1xx_hal_tim.o(i.HAL_TIM_ConfigClockSource)
    i.HAL_TIM_IC_CaptureCallback             0x080013ce   Section        0  stm32f1xx_hal_tim.o(i.HAL_TIM_IC_CaptureCallback)
    i.HAL_TIM_IRQHandler                     0x080013d0   Section        0  stm32f1xx_hal_tim.o(i.HAL_TIM_IRQHandler)
    i.HAL_TIM_OC_DelayElapsedCallback        0x08001536   Section        0  stm32f1xx_hal_tim.o(i.HAL_TIM_OC_DelayElapsedCallback)
    i.HAL_TIM_PWM_PulseFinishedCallback      0x08001538   Section        0  stm32f1xx_hal_tim.o(i.HAL_TIM_PWM_PulseFinishedCallback)
    i.HAL_TIM_PeriodElapsedCallback          0x0800153c   Section        0  main.o(i.HAL_TIM_PeriodElapsedCallback)
    i.HAL_TIM_TriggerCallback                0x08001550   Section        0  stm32f1xx_hal_tim.o(i.HAL_TIM_TriggerCallback)
    i.HardFault_Handler                      0x08001552   Section        0  stm32f1xx_it.o(i.HardFault_Handler)
    i.LCD_Configure                          0x08001554   Section        0  lcd16x2.o(i.LCD_Configure)
    i.LCD_Enable                             0x08001590   Section        0  lcd16x2.o(i.LCD_Enable)
    i.LCD_Init                               0x080015b0   Section        0  lcd16x2.o(i.LCD_Init)
    i.LCD_PutChar                            0x080015f4   Section        0  lcd16x2.o(i.LCD_PutChar)
    i.LCD_Puts                               0x0800161c   Section        0  lcd16x2.o(i.LCD_Puts)
    i.LCD_Send4bit                           0x08001634   Section        0  lcd16x2.o(i.LCD_Send4bit)
    i.LCD_SendCommand                        0x08001674   Section        0  lcd16x2.o(i.LCD_SendCommand)
    i.MX_ADC1_Init                           0x08001690   Section        0  main.o(i.MX_ADC1_Init)
    MX_ADC1_Init                             0x08001691   Thumb Code    68  main.o(i.MX_ADC1_Init)
    i.MX_GPIO_Init                           0x080016dc   Section        0  main.o(i.MX_GPIO_Init)
    MX_GPIO_Init                             0x080016dd   Thumb Code   116  main.o(i.MX_GPIO_Init)
    i.MX_TIM2_Init                           0x08001758   Section        0  main.o(i.MX_TIM2_Init)
    MX_TIM2_Init                             0x08001759   Thumb Code    96  main.o(i.MX_TIM2_Init)
    i.MemManage_Handler                      0x080017bc   Section        0  stm32f1xx_it.o(i.MemManage_Handler)
    i.NMI_Handler                            0x080017be   Section        0  stm32f1xx_it.o(i.NMI_Handler)
    i.PWM_duty                               0x080017c0   Section        0  main.o(i.PWM_duty)
    i.SysTick_Handler                        0x08001800   Section        0  port.o(i.SysTick_Handler)
    i.SystemClock_Config                     0x0800182c   Section        0  main.o(i.SystemClock_Config)
    i.SystemInit                             0x080018a4   Section        0  system_stm32f1xx.o(i.SystemInit)
    i.TIM1_UP_IRQHandler                     0x080018a8   Section        0  stm32f1xx_it.o(i.TIM1_UP_IRQHandler)
    i.TIM_Base_SetConfig                     0x080018b4   Section        0  stm32f1xx_hal_tim.o(i.TIM_Base_SetConfig)
    i.TIM_ETR_SetConfig                      0x08001920   Section        0  stm32f1xx_hal_tim.o(i.TIM_ETR_SetConfig)
    i.TIM_ITRx_SetConfig                     0x08001934   Section        0  stm32f1xx_hal_tim.o(i.TIM_ITRx_SetConfig)
    TIM_ITRx_SetConfig                       0x08001935   Thumb Code    16  stm32f1xx_hal_tim.o(i.TIM_ITRx_SetConfig)
    i.TIM_TI1_ConfigInputStage               0x08001944   Section        0  stm32f1xx_hal_tim.o(i.TIM_TI1_ConfigInputStage)
    TIM_TI1_ConfigInputStage                 0x08001945   Thumb Code    34  stm32f1xx_hal_tim.o(i.TIM_TI1_ConfigInputStage)
    i.TIM_TI2_ConfigInputStage               0x08001966   Section        0  stm32f1xx_hal_tim.o(i.TIM_TI2_ConfigInputStage)
    TIM_TI2_ConfigInputStage                 0x08001967   Thumb Code    36  stm32f1xx_hal_tim.o(i.TIM_TI2_ConfigInputStage)
    i.TaskDisplay                            0x0800198c   Section        0  main.o(i.TaskDisplay)
    i.TaskPWM                                0x08001a64   Section        0  main.o(i.TaskPWM)
    i.UsageFault_Handler                     0x08001adc   Section        0  stm32f1xx_it.o(i.UsageFault_Handler)
    i.__NVIC_SetPriority                     0x08001ade   Section        0  stm32f1xx_hal_cortex.o(i.__NVIC_SetPriority)
    __NVIC_SetPriority                       0x08001adf   Thumb Code    32  stm32f1xx_hal_cortex.o(i.__NVIC_SetPriority)
    i.main                                   0x08001b00   Section        0  main.o(i.main)
    i.makeFreeRtosPriority                   0x08001b60   Section        0  cmsis_os.o(i.makeFreeRtosPriority)
    makeFreeRtosPriority                     0x08001b61   Thumb Code    12  cmsis_os.o(i.makeFreeRtosPriority)
    i.osDelay                                0x08001b6c   Section        0  cmsis_os.o(i.osDelay)
    i.osKernelStart                          0x08001b7a   Section        0  cmsis_os.o(i.osKernelStart)
    i.osThreadCreate                         0x08001b84   Section        0  cmsis_os.o(i.osThreadCreate)
    i.prvAddCurrentTaskToDelayedList         0x08001bd8   Section        0  tasks.o(i.prvAddCurrentTaskToDelayedList)
    prvAddCurrentTaskToDelayedList           0x08001bd9   Thumb Code   102  tasks.o(i.prvAddCurrentTaskToDelayedList)
    i.prvAddNewTaskToReadyList               0x08001c48   Section        0  tasks.o(i.prvAddNewTaskToReadyList)
    prvAddNewTaskToReadyList                 0x08001c49   Thumb Code   194  tasks.o(i.prvAddNewTaskToReadyList)
    i.prvDeleteTCB                           0x08001d18   Section        0  tasks.o(i.prvDeleteTCB)
    prvDeleteTCB                             0x08001d19   Thumb Code    52  tasks.o(i.prvDeleteTCB)
    i.prvHeapInit                            0x08001d4c   Section        0  heap_4.o(i.prvHeapInit)
    prvHeapInit                              0x08001d4d   Thumb Code    66  heap_4.o(i.prvHeapInit)
    i.prvIdleTask                            0x08001d98   Section        0  tasks.o(i.prvIdleTask)
    prvIdleTask                              0x08001d99   Thumb Code    82  tasks.o(i.prvIdleTask)
    i.prvInitialiseNewTask                   0x08001df8   Section        0  tasks.o(i.prvInitialiseNewTask)
    prvInitialiseNewTask                     0x08001df9   Thumb Code   142  tasks.o(i.prvInitialiseNewTask)
    i.prvInsertBlockIntoFreeList             0x08001e88   Section        0  heap_4.o(i.prvInsertBlockIntoFreeList)
    prvInsertBlockIntoFreeList               0x08001e89   Thumb Code    72  heap_4.o(i.prvInsertBlockIntoFreeList)
    i.prvResetNextTaskUnblockTime            0x08001ed4   Section        0  tasks.o(i.prvResetNextTaskUnblockTime)
    prvResetNextTaskUnblockTime              0x08001ed5   Thumb Code    26  tasks.o(i.prvResetNextTaskUnblockTime)
    i.prvTaskExitError                       0x08001ef4   Section        0  port.o(i.prvTaskExitError)
    prvTaskExitError                         0x08001ef5   Thumb Code    36  port.o(i.prvTaskExitError)
    i.pvPortMalloc                           0x08001f1c   Section        0  heap_4.o(i.pvPortMalloc)
    i.pxPortInitialiseStack                  0x08001ff4   Section        0  port.o(i.pxPortInitialiseStack)
    i.uxListRemove                           0x08002018   Section        0  list.o(i.uxListRemove)
    i.vApplicationGetIdleTaskMemory          0x08002040   Section        0  freertos.o(i.vApplicationGetIdleTaskMemory)
    i.vListInitialise                        0x08002054   Section        0  list.o(i.vListInitialise)
    i.vListInitialiseItem                    0x0800206a   Section        0  list.o(i.vListInitialiseItem)
    i.vListInsert                            0x08002070   Section        0  list.o(i.vListInsert)
    i.vListInsertEnd                         0x080020a0   Section        0  list.o(i.vListInsertEnd)
    i.vPortEnterCritical                     0x080020b8   Section        0  port.o(i.vPortEnterCritical)
    i.vPortExitCritical                      0x080020f8   Section        0  port.o(i.vPortExitCritical)
    i.vPortFree                              0x08002120   Section        0  heap_4.o(i.vPortFree)
    i.vPortSetupTimerInterrupt               0x0800217c   Section        0  port.o(i.vPortSetupTimerInterrupt)
    i.vTaskDelay                             0x080021a0   Section        0  tasks.o(i.vTaskDelay)
    i.vTaskStartScheduler                    0x080021ec   Section        0  tasks.o(i.vTaskStartScheduler)
    i.vTaskSuspendAll                        0x08002258   Section        0  tasks.o(i.vTaskSuspendAll)
    i.vTaskSwitchContext                     0x08002268   Section        0  tasks.o(i.vTaskSwitchContext)
    i.xPortStartScheduler                    0x080022c4   Section        0  port.o(i.xPortStartScheduler)
    i.xTaskCreate                            0x0800236c   Section        0  tasks.o(i.xTaskCreate)
    i.xTaskCreateStatic                      0x080023c6   Section        0  tasks.o(i.xTaskCreateStatic)
    i.xTaskIncrementTick                     0x0800241c   Section        0  tasks.o(i.xTaskIncrementTick)
    i.xTaskResumeAll                         0x080024e4   Section        0  tasks.o(i.xTaskResumeAll)
    x$fpl$d2f                                0x080025a8   Section       98  d2f.o(x$fpl$d2f)
    x$fpl$dadd                               0x0800260c   Section      336  daddsub_clz.o(x$fpl$dadd)
    _dadd1                                   0x0800261d   Thumb Code     0  daddsub_clz.o(x$fpl$dadd)
    x$fpl$dcheck1                            0x0800275c   Section       16  dcheck1.o(x$fpl$dcheck1)
    x$fpl$ddiv                               0x0800276c   Section      688  ddiv.o(x$fpl$ddiv)
    ddiv_entry                               0x08002773   Thumb Code     0  ddiv.o(x$fpl$ddiv)
    x$fpl$dfixu                              0x08002a1c   Section       90  dfixu.o(x$fpl$dfixu)
    x$fpl$dfltu                              0x08002a76   Section       38  dflt_clz.o(x$fpl$dfltu)
    x$fpl$dmul                               0x08002a9c   Section      340  dmul.o(x$fpl$dmul)
    x$fpl$dnaninf                            0x08002bf0   Section      156  dnaninf.o(x$fpl$dnaninf)
    x$fpl$dretinf                            0x08002c8c   Section       12  dretinf.o(x$fpl$dretinf)
    x$fpl$dsub                               0x08002c98   Section      468  daddsub_clz.o(x$fpl$dsub)
    _dsub1                                   0x08002ca9   Thumb Code     0  daddsub_clz.o(x$fpl$dsub)
    x$fpl$fadd                               0x08002e6c   Section      196  faddsub_clz.o(x$fpl$fadd)
    _fadd1                                   0x08002e7b   Thumb Code     0  faddsub_clz.o(x$fpl$fadd)
    x$fpl$ffix                               0x08002f30   Section       54  ffix.o(x$fpl$ffix)
    x$fpl$ffixu                              0x08002f68   Section       62  ffixu.o(x$fpl$ffixu)
    x$fpl$ffltu                              0x08002fa8   Section       38  fflt_clz.o(x$fpl$ffltu)
    x$fpl$fnaninf                            0x08002fce   Section      140  fnaninf.o(x$fpl$fnaninf)
    x$fpl$fretinf                            0x0800305a   Section       10  fretinf.o(x$fpl$fretinf)
    x$fpl$frsb                               0x08003064   Section       20  faddsub_clz.o(x$fpl$frsb)
    x$fpl$fsub                               0x08003078   Section      234  faddsub_clz.o(x$fpl$fsub)
    _fsub1                                   0x08003087   Thumb Code     0  faddsub_clz.o(x$fpl$fsub)
    x$fpl$retnan                             0x08003162   Section      100  retnan.o(x$fpl$retnan)
    x$fpl$scalbn                             0x080031c6   Section       92  scalbn.o(x$fpl$scalbn)
    x$fpl$trapveneer                         0x08003222   Section       48  trapv.o(x$fpl$trapveneer)
    x$fpl$usenofp                            0x08003252   Section        0  usenofp.o(x$fpl$usenofp)
    .constdata                               0x08003254   Section       56  main.o(.constdata)
    .constdata                               0x0800328c   Section       16  system_stm32f1xx.o(.constdata)
    .constdata                               0x0800329c   Section        8  system_stm32f1xx.o(.constdata)
    .conststring                             0x080032a4   Section       14  main.o(.conststring)
    .data                                    0x20000000   Section       90  main.o(.data)
    .data                                    0x2000005c   Section       12  stm32f1xx_hal.o(.data)
    .data                                    0x20000068   Section        4  system_stm32f1xx.o(.data)
    .data                                    0x2000006c   Section       60  tasks.o(.data)
    pxDelayedTaskList                        0x20000070   Data           4  tasks.o(.data)
    pxOverflowDelayedTaskList                0x20000074   Data           4  tasks.o(.data)
    uxDeletedTasksWaitingCleanUp             0x20000078   Data           4  tasks.o(.data)
    uxCurrentNumberOfTasks                   0x2000007c   Data           4  tasks.o(.data)
    xTickCount                               0x20000080   Data           4  tasks.o(.data)
    uxTopReadyPriority                       0x20000084   Data           4  tasks.o(.data)
    xSchedulerRunning                        0x20000088   Data           4  tasks.o(.data)
    uxPendedTicks                            0x2000008c   Data           4  tasks.o(.data)
    xYieldPending                            0x20000090   Data           4  tasks.o(.data)
    xNumOfOverflows                          0x20000094   Data           4  tasks.o(.data)
    uxTaskNumber                             0x20000098   Data           4  tasks.o(.data)
    xNextTaskUnblockTime                     0x2000009c   Data           4  tasks.o(.data)
    xIdleTaskHandle                          0x200000a0   Data           4  tasks.o(.data)
    uxSchedulerSuspended                     0x200000a4   Data           4  tasks.o(.data)
    .data                                    0x200000a8   Section       24  heap_4.o(.data)
    pxEnd                                    0x200000a8   Data           4  heap_4.o(.data)
    xFreeBytesRemaining                      0x200000ac   Data           4  heap_4.o(.data)
    xMinimumEverFreeBytesRemaining           0x200000b0   Data           4  heap_4.o(.data)
    xBlockAllocatedBit                       0x200000b4   Data           4  heap_4.o(.data)
    xStart                                   0x200000b8   Data           8  heap_4.o(.data)
    .data                                    0x200000c0   Section       12  port.o(.data)
    ucMaxSysCallPriority                     0x200000c0   Data           1  port.o(.data)
    uxCriticalNesting                        0x200000c4   Data           4  port.o(.data)
    ulMaxPRIGROUPValue                       0x200000c8   Data           4  port.o(.data)
    .bss                                     0x200000cc   Section      120  main.o(.bss)
    .bss                                     0x20000144   Section      596  freertos.o(.bss)
    xIdleTaskTCBBuffer                       0x20000144   Data          84  freertos.o(.bss)
    xIdleStack                               0x20000198   Data         512  freertos.o(.bss)
    .bss                                     0x20000398   Section       72  stm32f1xx_hal_timebase_tim.o(.bss)
    .bss                                     0x200003e0   Section      240  tasks.o(.bss)
    pxReadyTasksLists                        0x200003e0   Data         140  tasks.o(.bss)
    xDelayedTaskList1                        0x2000046c   Data          20  tasks.o(.bss)
    xDelayedTaskList2                        0x20000480   Data          20  tasks.o(.bss)
    xPendingReadyList                        0x20000494   Data          20  tasks.o(.bss)
    xTasksWaitingTermination                 0x200004a8   Data          20  tasks.o(.bss)
    xSuspendedTaskList                       0x200004bc   Data          20  tasks.o(.bss)
    .bss                                     0x200004d0   Section     3072  heap_4.o(.bss)
    ucHeap                                   0x200004d0   Data        3072  heap_4.o(.bss)
    .bss                                     0x200010d0   Section       96  libspace.o(.bss)
    HEAP                                     0x20001130   Section      512  startup_stm32f103xb.o(HEAP)
    Heap_Mem                                 0x20001130   Data         512  startup_stm32f103xb.o(HEAP)
    STACK                                    0x20001330   Section     1024  startup_stm32f103xb.o(STACK)
    Stack_Mem                                0x20001330   Data        1024  startup_stm32f103xb.o(STACK)
    __initial_sp                             0x20001730   Data           0  startup_stm32f103xb.o(STACK)

    Global Symbols

    Symbol Name                              Value     Ov Type        Size  Object(Section)

    BuildAttributes$$THM_ISAv4$P$D$K$B$S$PE$A:L22UL41UL21$X:L11$S22US41US21$IEEE1$IW$USESV6$~STKCKD$USESV7$~SHL$OSPACE$ROPI$EBA8$UX$STANDARDLIB$REQ8$PRES8$EABIv2 0x00000000   Number         0  anon$$obj.o ABSOLUTE
    __ARM_use_no_argv                        0x00000000   Number         0  main.o ABSOLUTE
    __ARM_exceptions_init                     - Undefined Weak Reference
    __alloca_initialize                       - Undefined Weak Reference
    __arm_preinit_                            - Undefined Weak Reference
    __cpp_initialize__aeabi_                  - Undefined Weak Reference
    __cxa_finalize                            - Undefined Weak Reference
    __rt_locale                               - Undefined Weak Reference
    __sigvec_lookup                           - Undefined Weak Reference
    _atexit_init                              - Undefined Weak Reference
    _call_atexit_fns                          - Undefined Weak Reference
    _clock_init                               - Undefined Weak Reference
    _fp_trap_init                             - Undefined Weak Reference
    _fp_trap_shutdown                         - Undefined Weak Reference
    _get_lc_collate                           - Undefined Weak Reference
    _get_lc_ctype                             - Undefined Weak Reference
    _get_lc_monetary                          - Undefined Weak Reference
    _get_lc_numeric                           - Undefined Weak Reference
    _get_lc_time                              - Undefined Weak Reference
    _getenv_init                              - Undefined Weak Reference
    _handle_redirection                       - Undefined Weak Reference
    _init_alloc                               - Undefined Weak Reference
    _init_user_alloc                          - Undefined Weak Reference
    _initio                                   - Undefined Weak Reference
    _rand_init                                - Undefined Weak Reference
    _signal_finish                            - Undefined Weak Reference
    _signal_init                              - Undefined Weak Reference
    _terminate_alloc                          - Undefined Weak Reference
    _terminate_user_alloc                     - Undefined Weak Reference
    _terminateio                              - Undefined Weak Reference
    __Vectors_Size                           0x000000ec   Number         0  startup_stm32f103xb.o ABSOLUTE
    __Vectors                                0x08000000   Data           4  startup_stm32f103xb.o(RESET)
    __Vectors_End                            0x080000ec   Data           0  startup_stm32f103xb.o(RESET)
    __main                                   0x080000ed   Thumb Code     8  __main.o(!!!main)
    __scatterload                            0x080000f5   Thumb Code     0  __scatter.o(!!!scatter)
    __scatterload_rt2                        0x080000f5   Thumb Code    44  __scatter.o(!!!scatter)
    __scatterload_rt2_thumb_only             0x080000f5   Thumb Code     0  __scatter.o(!!!scatter)
    __scatterload_null                       0x08000103   Thumb Code     0  __scatter.o(!!!scatter)
    __scatterload_copy                       0x08000129   Thumb Code    26  __scatter_copy.o(!!handler_copy)
    __scatterload_zeroinit                   0x08000145   Thumb Code    28  __scatter_zi.o(!!handler_zi)
    __rt_lib_init                            0x08000161   Thumb Code     0  libinit.o(.ARM.Collect$$libinit$$00000000)
    __rt_lib_init_alloca_1                   0x08000163   Thumb Code     0  libinit2.o(.ARM.Collect$$libinit$$0000002E)
    __rt_lib_init_argv_1                     0x08000163   Thumb Code     0  libinit2.o(.ARM.Collect$$libinit$$0000002C)
    __rt_lib_init_atexit_1                   0x08000163   Thumb Code     0  libinit2.o(.ARM.Collect$$libinit$$0000001B)
    __rt_lib_init_clock_1                    0x08000163   Thumb Code     0  libinit2.o(.ARM.Collect$$libinit$$00000021)
    __rt_lib_init_cpp_1                      0x08000163   Thumb Code     0  libinit2.o(.ARM.Collect$$libinit$$00000032)
    __rt_lib_init_exceptions_1               0x08000163   Thumb Code     0  libinit2.o(.ARM.Collect$$libinit$$00000030)
    __rt_lib_init_fp_1                       0x08000163   Thumb Code     0  libinit2.o(.ARM.Collect$$libinit$$00000002)
    __rt_lib_init_fp_trap_1                  0x08000163   Thumb Code     0  libinit2.o(.ARM.Collect$$libinit$$0000001F)
    __rt_lib_init_getenv_1                   0x08000163   Thumb Code     0  libinit2.o(.ARM.Collect$$libinit$$00000023)
    __rt_lib_init_heap_1                     0x08000163   Thumb Code     0  libinit2.o(.ARM.Collect$$libinit$$0000000A)
    __rt_lib_init_lc_collate_1               0x08000163   Thumb Code     0  libinit2.o(.ARM.Collect$$libinit$$00000011)
    __rt_lib_init_lc_ctype_1                 0x08000163   Thumb Code     0  libinit2.o(.ARM.Collect$$libinit$$00000013)
    __rt_lib_init_lc_monetary_1              0x08000163   Thumb Code     0  libinit2.o(.ARM.Collect$$libinit$$00000015)
    __rt_lib_init_lc_numeric_1               0x08000163   Thumb Code     0  libinit2.o(.ARM.Collect$$libinit$$00000017)
    __rt_lib_init_lc_time_1                  0x08000163   Thumb Code     0  libinit2.o(.ARM.Collect$$libinit$$00000019)
    __rt_lib_init_preinit_1                  0x08000163   Thumb Code     0  libinit2.o(.ARM.Collect$$libinit$$00000004)
    __rt_lib_init_rand_1                     0x08000163   Thumb Code     0  libinit2.o(.ARM.Collect$$libinit$$0000000E)
    __rt_lib_init_return                     0x08000163   Thumb Code     0  libinit2.o(.ARM.Collect$$libinit$$00000033)
    __rt_lib_init_signal_1                   0x08000163   Thumb Code     0  libinit2.o(.ARM.Collect$$libinit$$0000001D)
    __rt_lib_init_stdio_1                    0x08000163   Thumb Code     0  libinit2.o(.ARM.Collect$$libinit$$00000025)
    __rt_lib_init_user_alloc_1               0x08000163   Thumb Code     0  libinit2.o(.ARM.Collect$$libinit$$0000000C)
    __rt_lib_shutdown                        0x08000165   Thumb Code     0  libshutdown.o(.ARM.Collect$$libshutdown$$00000000)
    __rt_lib_shutdown_cpp_1                  0x08000167   Thumb Code     0  libshutdown2.o(.ARM.Collect$$libshutdown$$00000002)
    __rt_lib_shutdown_fp_trap_1              0x08000167   Thumb Code     0  libshutdown2.o(.ARM.Collect$$libshutdown$$00000007)
    __rt_lib_shutdown_heap_1                 0x08000167   Thumb Code     0  libshutdown2.o(.ARM.Collect$$libshutdown$$0000000F)
    __rt_lib_shutdown_return                 0x08000167   Thumb Code     0  libshutdown2.o(.ARM.Collect$$libshutdown$$00000010)
    __rt_lib_shutdown_signal_1               0x08000167   Thumb Code     0  libshutdown2.o(.ARM.Collect$$libshutdown$$0000000A)
    __rt_lib_shutdown_stdio_1                0x08000167   Thumb Code     0  libshutdown2.o(.ARM.Collect$$libshutdown$$00000004)
    __rt_lib_shutdown_user_alloc_1           0x08000167   Thumb Code     0  libshutdown2.o(.ARM.Collect$$libshutdown$$0000000C)
    __rt_entry                               0x08000169   Thumb Code     0  __rtentry.o(.ARM.Collect$$rtentry$$00000000)
    __rt_entry_presh_1                       0x08000169   Thumb Code     0  __rtentry2.o(.ARM.Collect$$rtentry$$00000002)
    __rt_entry_sh                            0x08000169   Thumb Code     0  __rtentry4.o(.ARM.Collect$$rtentry$$00000004)
    __rt_entry_li                            0x0800016f   Thumb Code     0  __rtentry2.o(.ARM.Collect$$rtentry$$0000000A)
    __rt_entry_postsh_1                      0x0800016f   Thumb Code     0  __rtentry2.o(.ARM.Collect$$rtentry$$00000009)
    __rt_entry_main                          0x08000173   Thumb Code     0  __rtentry2.o(.ARM.Collect$$rtentry$$0000000D)
    __rt_entry_postli_1                      0x08000173   Thumb Code     0  __rtentry2.o(.ARM.Collect$$rtentry$$0000000C)
    __rt_exit                                0x0800017b   Thumb Code     0  rtexit.o(.ARM.Collect$$rtexit$$00000000)
    __rt_exit_ls                             0x0800017d   Thumb Code     0  rtexit2.o(.ARM.Collect$$rtexit$$00000003)
    __rt_exit_prels_1                        0x0800017d   Thumb Code     0  rtexit2.o(.ARM.Collect$$rtexit$$00000002)
    __rt_exit_exit                           0x08000181   Thumb Code     0  rtexit2.o(.ARM.Collect$$rtexit$$00000004)
    SVC_Handler                              0x08000189   Thumb Code    32  port.o(.emb_text)
    __asm___6_port_c_39a90d8d__prvStartFirstTask 0x080001ad   Thumb Code    28  port.o(.emb_text)
    PendSV_Handler                           0x080001cd   Thumb Code    72  port.o(.emb_text)
    vPortGetIPSR                             0x08000219   Thumb Code     6  port.o(.emb_text)
    Reset_Handler                            0x08000221   Thumb Code     8  startup_stm32f103xb.o(.text)
    ADC1_2_IRQHandler                        0x0800023b   Thumb Code     0  startup_stm32f103xb.o(.text)
    CAN1_RX1_IRQHandler                      0x0800023b   Thumb Code     0  startup_stm32f103xb.o(.text)
    CAN1_SCE_IRQHandler                      0x0800023b   Thumb Code     0  startup_stm32f103xb.o(.text)
    DMA1_Channel1_IRQHandler                 0x0800023b   Thumb Code     0  startup_stm32f103xb.o(.text)
    DMA1_Channel2_IRQHandler                 0x0800023b   Thumb Code     0  startup_stm32f103xb.o(.text)
    DMA1_Channel3_IRQHandler                 0x0800023b   Thumb Code     0  startup_stm32f103xb.o(.text)
    DMA1_Channel4_IRQHandler                 0x0800023b   Thumb Code     0  startup_stm32f103xb.o(.text)
    DMA1_Channel5_IRQHandler                 0x0800023b   Thumb Code     0  startup_stm32f103xb.o(.text)
    DMA1_Channel6_IRQHandler                 0x0800023b   Thumb Code     0  startup_stm32f103xb.o(.text)
    DMA1_Channel7_IRQHandler                 0x0800023b   Thumb Code     0  startup_stm32f103xb.o(.text)
    EXTI0_IRQHandler                         0x0800023b   Thumb Code     0  startup_stm32f103xb.o(.text)
    EXTI15_10_IRQHandler                     0x0800023b   Thumb Code     0  startup_stm32f103xb.o(.text)
    EXTI1_IRQHandler                         0x0800023b   Thumb Code     0  startup_stm32f103xb.o(.text)
    EXTI2_IRQHandler                         0x0800023b   Thumb Code     0  startup_stm32f103xb.o(.text)
    EXTI3_IRQHandler                         0x0800023b   Thumb Code     0  startup_stm32f103xb.o(.text)
    EXTI4_IRQHandler                         0x0800023b   Thumb Code     0  startup_stm32f103xb.o(.text)
    EXTI9_5_IRQHandler                       0x0800023b   Thumb Code     0  startup_stm32f103xb.o(.text)
    FLASH_IRQHandler                         0x0800023b   Thumb Code     0  startup_stm32f103xb.o(.text)
    I2C1_ER_IRQHandler                       0x0800023b   Thumb Code     0  startup_stm32f103xb.o(.text)
    I2C1_EV_IRQHandler                       0x0800023b   Thumb Code     0  startup_stm32f103xb.o(.text)
    I2C2_ER_IRQHandler                       0x0800023b   Thumb Code     0  startup_stm32f103xb.o(.text)
    I2C2_EV_IRQHandler                       0x0800023b   Thumb Code     0  startup_stm32f103xb.o(.text)
    PVD_IRQHandler                           0x0800023b   Thumb Code     0  startup_stm32f103xb.o(.text)
    RCC_IRQHandler                           0x0800023b   Thumb Code     0  startup_stm32f103xb.o(.text)
    RTC_Alarm_IRQHandler                     0x0800023b   Thumb Code     0  startup_stm32f103xb.o(.text)
    RTC_IRQHandler                           0x0800023b   Thumb Code     0  startup_stm32f103xb.o(.text)
    SPI1_IRQHandler                          0x0800023b   Thumb Code     0  startup_stm32f103xb.o(.text)
    SPI2_IRQHandler                          0x0800023b   Thumb Code     0  startup_stm32f103xb.o(.text)
    TAMPER_IRQHandler                        0x0800023b   Thumb Code     0  startup_stm32f103xb.o(.text)
    TIM1_BRK_IRQHandler                      0x0800023b   Thumb Code     0  startup_stm32f103xb.o(.text)
    TIM1_CC_IRQHandler                       0x0800023b   Thumb Code     0  startup_stm32f103xb.o(.text)
    TIM1_TRG_COM_IRQHandler                  0x0800023b   Thumb Code     0  startup_stm32f103xb.o(.text)
    TIM2_IRQHandler                          0x0800023b   Thumb Code     0  startup_stm32f103xb.o(.text)
    TIM3_IRQHandler                          0x0800023b   Thumb Code     0  startup_stm32f103xb.o(.text)
    TIM4_IRQHandler                          0x0800023b   Thumb Code     0  startup_stm32f103xb.o(.text)
    USART1_IRQHandler                        0x0800023b   Thumb Code     0  startup_stm32f103xb.o(.text)
    USART2_IRQHandler                        0x0800023b   Thumb Code     0  startup_stm32f103xb.o(.text)
    USART3_IRQHandler                        0x0800023b   Thumb Code     0  startup_stm32f103xb.o(.text)
    USBWakeUp_IRQHandler                     0x0800023b   Thumb Code     0  startup_stm32f103xb.o(.text)
    USB_HP_CAN1_TX_IRQHandler                0x0800023b   Thumb Code     0  startup_stm32f103xb.o(.text)
    USB_LP_CAN1_RX0_IRQHandler               0x0800023b   Thumb Code     0  startup_stm32f103xb.o(.text)
    WWDG_IRQHandler                          0x0800023b   Thumb Code     0  startup_stm32f103xb.o(.text)
    __user_initial_stackheap                 0x0800023d   Thumb Code     0  startup_stm32f103xb.o(.text)
    __aeabi_memcpy4                          0x08000261   Thumb Code     0  rt_memcpy_w.o(.text)
    __aeabi_memcpy8                          0x08000261   Thumb Code     0  rt_memcpy_w.o(.text)
    __rt_memcpy_w                            0x08000261   Thumb Code   100  rt_memcpy_w.o(.text)
    _memcpy_lastbytes_aligned                0x080002a9   Thumb Code     0  rt_memcpy_w.o(.text)
    __aeabi_memclr4                          0x080002c5   Thumb Code     0  rt_memclr_w.o(.text)
    __aeabi_memclr8                          0x080002c5   Thumb Code     0  rt_memclr_w.o(.text)
    __rt_memclr_w                            0x080002c5   Thumb Code    78  rt_memclr_w.o(.text)
    _memset_w                                0x080002c9   Thumb Code     0  rt_memclr_w.o(.text)
    __use_two_region_memory                  0x08000313   Thumb Code     2  heapauxi.o(.text)
    __rt_heap_escrow$2region                 0x08000315   Thumb Code     2  heapauxi.o(.text)
    __rt_heap_expand$2region                 0x08000317   Thumb Code     2  heapauxi.o(.text)
    __user_setup_stackheap                   0x08000319   Thumb Code    74  sys_stackheap_outer.o(.text)
    exit                                     0x08000363   Thumb Code    18  exit.o(.text)
    __user_libspace                          0x08000375   Thumb Code     8  libspace.o(.text)
    __user_perproc_libspace                  0x08000375   Thumb Code     0  libspace.o(.text)
    __user_perthread_libspace                0x08000375   Thumb Code     0  libspace.o(.text)
    _sys_exit                                0x0800037d   Thumb Code     8  sys_exit.o(.text)
    __I$use$semihosting                      0x08000389   Thumb Code     0  use_no_semi.o(.text)
    __use_no_semihosting_swi                 0x08000389   Thumb Code     2  use_no_semi.o(.text)
    __semihosting_library_function           0x0800038b   Thumb Code     0  indicate_semi.o(.text)
    ADC_ConversionStop_Disable               0x0800038d   Thumb Code    86  stm32f1xx_hal_adc.o(i.ADC_ConversionStop_Disable)
    ADC_Enable                               0x080003e5   Thumb Code   114  stm32f1xx_hal_adc.o(i.ADC_Enable)
    BusFault_Handler                         0x08000461   Thumb Code     2  stm32f1xx_it.o(i.BusFault_Handler)
    DebugMon_Handler                         0x08000463   Thumb Code     2  stm32f1xx_it.o(i.DebugMon_Handler)
    Delay_TIM_us                             0x08000465   Thumb Code    16  main.o(i.Delay_TIM_us)
    HAL_ADC_ConfigChannel                    0x08000475   Thumb Code   240  stm32f1xx_hal_adc.o(i.HAL_ADC_ConfigChannel)
    HAL_ADC_GetValue                         0x08000571   Thumb Code     6  stm32f1xx_hal_adc.o(i.HAL_ADC_GetValue)
    HAL_ADC_Init                             0x08000579   Thumb Code   272  stm32f1xx_hal_adc.o(i.HAL_ADC_Init)
    HAL_ADC_MspInit                          0x08000695   Thumb Code    76  stm32f1xx_hal_msp.o(i.HAL_ADC_MspInit)
    HAL_ADC_Start                            0x080006ed   Thumb Code   184  stm32f1xx_hal_adc.o(i.HAL_ADC_Start)
    HAL_ADC_Stop                             0x080007ad   Thumb Code    52  stm32f1xx_hal_adc.o(i.HAL_ADC_Stop)
    HAL_GPIO_Init                            0x080007e1   Thumb Code   446  stm32f1xx_hal_gpio.o(i.HAL_GPIO_Init)
    HAL_GPIO_WritePin                        0x080009c1   Thumb Code    10  stm32f1xx_hal_gpio.o(i.HAL_GPIO_WritePin)
    HAL_GetTick                              0x080009cd   Thumb Code     6  stm32f1xx_hal.o(i.HAL_GetTick)
    HAL_IncTick                              0x080009d9   Thumb Code    12  stm32f1xx_hal.o(i.HAL_IncTick)
    HAL_Init                                 0x080009e9   Thumb Code    32  stm32f1xx_hal.o(i.HAL_Init)
    HAL_InitTick                             0x08000a0d   Thumb Code   118  stm32f1xx_hal_timebase_tim.o(i.HAL_InitTick)
    HAL_MspInit                              0x08000a99   Thumb Code    62  stm32f1xx_hal_msp.o(i.HAL_MspInit)
    HAL_NVIC_EnableIRQ                       0x08000ae1   Thumb Code    26  stm32f1xx_hal_cortex.o(i.HAL_NVIC_EnableIRQ)
    HAL_NVIC_SetPriority                     0x08000afd   Thumb Code    60  stm32f1xx_hal_cortex.o(i.HAL_NVIC_SetPriority)
    HAL_NVIC_SetPriorityGrouping             0x08000b3d   Thumb Code    26  stm32f1xx_hal_cortex.o(i.HAL_NVIC_SetPriorityGrouping)
    HAL_RCCEx_PeriphCLKConfig                0x08000b61   Thumb Code   224  stm32f1xx_hal_rcc_ex.o(i.HAL_RCCEx_PeriphCLKConfig)
    HAL_RCC_ClockConfig                      0x08000c4d   Thumb Code   280  stm32f1xx_hal_rcc.o(i.HAL_RCC_ClockConfig)
    HAL_RCC_GetClockConfig                   0x08000d79   Thumb Code    54  stm32f1xx_hal_rcc.o(i.HAL_RCC_GetClockConfig)
    HAL_RCC_GetPCLK2Freq                     0x08000db9   Thumb Code    20  stm32f1xx_hal_rcc.o(i.HAL_RCC_GetPCLK2Freq)
    HAL_RCC_GetSysClockFreq                  0x08000dd9   Thumb Code    74  stm32f1xx_hal_rcc.o(i.HAL_RCC_GetSysClockFreq)
    HAL_RCC_OscConfig                        0x08000e45   Thumb Code   778  stm32f1xx_hal_rcc.o(i.HAL_RCC_OscConfig)
    HAL_TIMEx_BreakCallback                  0x08001165   Thumb Code     2  stm32f1xx_hal_tim_ex.o(i.HAL_TIMEx_BreakCallback)
    HAL_TIMEx_CommutCallback                 0x08001167   Thumb Code     2  stm32f1xx_hal_tim_ex.o(i.HAL_TIMEx_CommutCallback)
    HAL_TIMEx_MasterConfigSynchronization    0x08001169   Thumb Code    92  stm32f1xx_hal_tim_ex.o(i.HAL_TIMEx_MasterConfigSynchronization)
    HAL_TIM_Base_Init                        0x080011d1   Thumb Code    90  stm32f1xx_hal_tim.o(i.HAL_TIM_Base_Init)
    HAL_TIM_Base_MspInit                     0x0800122d   Thumb Code    30  stm32f1xx_hal_msp.o(i.HAL_TIM_Base_MspInit)
    HAL_TIM_Base_Start                       0x08001251   Thumb Code    66  stm32f1xx_hal_tim.o(i.HAL_TIM_Base_Start)
    HAL_TIM_Base_Start_IT                    0x080012a1   Thumb Code    76  stm32f1xx_hal_tim.o(i.HAL_TIM_Base_Start_IT)
    HAL_TIM_ConfigClockSource                0x080012f9   Thumb Code   214  stm32f1xx_hal_tim.o(i.HAL_TIM_ConfigClockSource)
    HAL_TIM_IC_CaptureCallback               0x080013cf   Thumb Code     2  stm32f1xx_hal_tim.o(i.HAL_TIM_IC_CaptureCallback)
    HAL_TIM_IRQHandler                       0x080013d1   Thumb Code   358  stm32f1xx_hal_tim.o(i.HAL_TIM_IRQHandler)
    HAL_TIM_OC_DelayElapsedCallback          0x08001537   Thumb Code     2  stm32f1xx_hal_tim.o(i.HAL_TIM_OC_DelayElapsedCallback)
    HAL_TIM_PWM_PulseFinishedCallback        0x08001539   Thumb Code     2  stm32f1xx_hal_tim.o(i.HAL_TIM_PWM_PulseFinishedCallback)
    HAL_TIM_PeriodElapsedCallback            0x0800153d   Thumb Code    14  main.o(i.HAL_TIM_PeriodElapsedCallback)
    HAL_TIM_TriggerCallback                  0x08001551   Thumb Code     2  stm32f1xx_hal_tim.o(i.HAL_TIM_TriggerCallback)
    HardFault_Handler                        0x08001553   Thumb Code     2  stm32f1xx_it.o(i.HardFault_Handler)
    LCD_Configure                            0x08001555   Thumb Code    52  lcd16x2.o(i.LCD_Configure)
    LCD_Enable                               0x08001591   Thumb Code    28  lcd16x2.o(i.LCD_Enable)
    LCD_Init                                 0x080015b1   Thumb Code    62  lcd16x2.o(i.LCD_Init)
    LCD_PutChar                              0x080015f5   Thumb Code    36  lcd16x2.o(i.LCD_PutChar)
    LCD_Puts                                 0x0800161d   Thumb Code    22  lcd16x2.o(i.LCD_Puts)
    LCD_Send4bit                             0x08001635   Thumb Code    58  lcd16x2.o(i.LCD_Send4bit)
    LCD_SendCommand                          0x08001675   Thumb Code    28  lcd16x2.o(i.LCD_SendCommand)
    MemManage_Handler                        0x080017bd   Thumb Code     2  stm32f1xx_it.o(i.MemManage_Handler)
    NMI_Handler                              0x080017bf   Thumb Code     2  stm32f1xx_it.o(i.NMI_Handler)
    PWM_duty                                 0x080017c1   Thumb Code    60  main.o(i.PWM_duty)
    SysTick_Handler                          0x08001801   Thumb Code    38  port.o(i.SysTick_Handler)
    SystemClock_Config                       0x0800182d   Thumb Code   120  main.o(i.SystemClock_Config)
    SystemInit                               0x080018a5   Thumb Code     2  system_stm32f1xx.o(i.SystemInit)
    TIM1_UP_IRQHandler                       0x080018a9   Thumb Code     6  stm32f1xx_it.o(i.TIM1_UP_IRQHandler)
    TIM_Base_SetConfig                       0x080018b5   Thumb Code    94  stm32f1xx_hal_tim.o(i.TIM_Base_SetConfig)
    TIM_ETR_SetConfig                        0x08001921   Thumb Code    20  stm32f1xx_hal_tim.o(i.TIM_ETR_SetConfig)
    TaskDisplay                              0x0800198d   Thumb Code   174  main.o(i.TaskDisplay)
    TaskPWM                                  0x08001a65   Thumb Code   110  main.o(i.TaskPWM)
    UsageFault_Handler                       0x08001add   Thumb Code     2  stm32f1xx_it.o(i.UsageFault_Handler)
    main                                     0x08001b01   Thumb Code    82  main.o(i.main)
    osDelay                                  0x08001b6d   Thumb Code    14  cmsis_os.o(i.osDelay)
    osKernelStart                            0x08001b7b   Thumb Code    10  cmsis_os.o(i.osKernelStart)
    osThreadCreate                           0x08001b85   Thumb Code    84  cmsis_os.o(i.osThreadCreate)
    pvPortMalloc                             0x08001f1d   Thumb Code   210  heap_4.o(i.pvPortMalloc)
    pxPortInitialiseStack                    0x08001ff5   Thumb Code    32  port.o(i.pxPortInitialiseStack)
    uxListRemove                             0x08002019   Thumb Code    38  list.o(i.uxListRemove)
    vApplicationGetIdleTaskMemory            0x08002041   Thumb Code    16  freertos.o(i.vApplicationGetIdleTaskMemory)
    vListInitialise                          0x08002055   Thumb Code    22  list.o(i.vListInitialise)
    vListInitialiseItem                      0x0800206b   Thumb Code     6  list.o(i.vListInitialiseItem)
    vListInsert                              0x08002071   Thumb Code    48  list.o(i.vListInsert)
    vListInsertEnd                           0x080020a1   Thumb Code    24  list.o(i.vListInsertEnd)
    vPortEnterCritical                       0x080020b9   Thumb Code    54  port.o(i.vPortEnterCritical)
    vPortExitCritical                        0x080020f9   Thumb Code    34  port.o(i.vPortExitCritical)
    vPortFree                                0x08002121   Thumb Code    88  heap_4.o(i.vPortFree)
    vPortSetupTimerInterrupt                 0x0800217d   Thumb Code    32  port.o(i.vPortSetupTimerInterrupt)
    vTaskDelay                               0x080021a1   Thumb Code    66  tasks.o(i.vTaskDelay)
    vTaskStartScheduler                      0x080021ed   Thumb Code    90  tasks.o(i.vTaskStartScheduler)
    vTaskSuspendAll                          0x08002259   Thumb Code    10  tasks.o(i.vTaskSuspendAll)
    vTaskSwitchContext                       0x08002269   Thumb Code    82  tasks.o(i.vTaskSwitchContext)
    xPortStartScheduler                      0x080022c5   Thumb Code   154  port.o(i.xPortStartScheduler)
    xTaskCreate                              0x0800236d   Thumb Code    90  tasks.o(i.xTaskCreate)
    xTaskCreateStatic                        0x080023c7   Thumb Code    86  tasks.o(i.xTaskCreateStatic)
    xTaskIncrementTick                       0x0800241d   Thumb Code   192  tasks.o(i.xTaskIncrementTick)
    xTaskResumeAll                           0x080024e5   Thumb Code   182  tasks.o(i.xTaskResumeAll)
    __aeabi_d2f                              0x080025a9   Thumb Code     0  d2f.o(x$fpl$d2f)
    _d2f                                     0x080025a9   Thumb Code    98  d2f.o(x$fpl$d2f)
    __aeabi_dadd                             0x0800260d   Thumb Code     0  daddsub_clz.o(x$fpl$dadd)
    _dadd                                    0x0800260d   Thumb Code   332  daddsub_clz.o(x$fpl$dadd)
    __fpl_dcheck_NaN1                        0x0800275d   Thumb Code    10  dcheck1.o(x$fpl$dcheck1)
    __aeabi_ddiv                             0x0800276d   Thumb Code     0  ddiv.o(x$fpl$ddiv)
    _ddiv                                    0x0800276d   Thumb Code   552  ddiv.o(x$fpl$ddiv)
    __aeabi_d2uiz                            0x08002a1d   Thumb Code     0  dfixu.o(x$fpl$dfixu)
    _dfixu                                   0x08002a1d   Thumb Code    90  dfixu.o(x$fpl$dfixu)
    __aeabi_ui2d                             0x08002a77   Thumb Code     0  dflt_clz.o(x$fpl$dfltu)
    _dfltu                                   0x08002a77   Thumb Code    38  dflt_clz.o(x$fpl$dfltu)
    __aeabi_dmul                             0x08002a9d   Thumb Code     0  dmul.o(x$fpl$dmul)
    _dmul                                    0x08002a9d   Thumb Code   332  dmul.o(x$fpl$dmul)
    __fpl_dnaninf                            0x08002bf1   Thumb Code   156  dnaninf.o(x$fpl$dnaninf)
    __fpl_dretinf                            0x08002c8d   Thumb Code    12  dretinf.o(x$fpl$dretinf)
    __aeabi_dsub                             0x08002c99   Thumb Code     0  daddsub_clz.o(x$fpl$dsub)
    _dsub                                    0x08002c99   Thumb Code   464  daddsub_clz.o(x$fpl$dsub)
    __aeabi_fadd                             0x08002e6d   Thumb Code     0  faddsub_clz.o(x$fpl$fadd)
    _fadd                                    0x08002e6d   Thumb Code   196  faddsub_clz.o(x$fpl$fadd)
    __aeabi_f2iz                             0x08002f31   Thumb Code     0  ffix.o(x$fpl$ffix)
    _ffix                                    0x08002f31   Thumb Code    54  ffix.o(x$fpl$ffix)
    __aeabi_f2uiz                            0x08002f69   Thumb Code     0  ffixu.o(x$fpl$ffixu)
    _ffixu                                   0x08002f69   Thumb Code    62  ffixu.o(x$fpl$ffixu)
    __aeabi_ui2f                             0x08002fa9   Thumb Code     0  fflt_clz.o(x$fpl$ffltu)
    _ffltu                                   0x08002fa9   Thumb Code    38  fflt_clz.o(x$fpl$ffltu)
    __fpl_fnaninf                            0x08002fcf   Thumb Code   140  fnaninf.o(x$fpl$fnaninf)
    __fpl_fretinf                            0x0800305b   Thumb Code    10  fretinf.o(x$fpl$fretinf)
    __aeabi_frsub                            0x08003065   Thumb Code     0  faddsub_clz.o(x$fpl$frsb)
    _frsb                                    0x08003065   Thumb Code    20  faddsub_clz.o(x$fpl$frsb)
    __aeabi_fsub                             0x08003079   Thumb Code     0  faddsub_clz.o(x$fpl$fsub)
    _fsub                                    0x08003079   Thumb Code   234  faddsub_clz.o(x$fpl$fsub)
    __fpl_return_NaN                         0x08003163   Thumb Code   100  retnan.o(x$fpl$retnan)
    __ARM_scalbn                             0x080031c7   Thumb Code    92  scalbn.o(x$fpl$scalbn)
    __fpl_cmpreturn                          0x08003223   Thumb Code    48  trapv.o(x$fpl$trapveneer)
    __I$use$fp                               0x08003252   Number         0  usenofp.o(x$fpl$usenofp)
    AHBPrescTable                            0x0800328c   Data          16  system_stm32f1xx.o(.constdata)
    APBPrescTable                            0x0800329c   Data           8  system_stm32f1xx.o(.constdata)
    Region$$Table$$Base                      0x080032b4   Number         0  anon$$obj.o(Region$$Table)
    Region$$Table$$Limit                     0x080032d4   Number         0  anon$$obj.o(Region$$Table)
    temp                                     0x20000000   Data           2  main.o(.data)
    natural                                  0x20000002   Data           2  main.o(.data)
    remain                                   0x20000004   Data           2  main.o(.data)
    Task1Handle                              0x20000008   Data           4  main.o(.data)
    Task2Handle                              0x2000000c   Data           4  main.o(.data)
    var                                      0x20000010   Data           4  main.o(.data)
    voltage                                  0x20000014   Data           4  main.o(.data)
    value                                    0x20000018   Data          66  main.o(.data)
    uwTickFreq                               0x2000005c   Data           1  stm32f1xx_hal.o(.data)
    uwTickPrio                               0x20000060   Data           4  stm32f1xx_hal.o(.data)
    uwTick                                   0x20000064   Data           4  stm32f1xx_hal.o(.data)
    SystemCoreClock                          0x20000068   Data           4  system_stm32f1xx.o(.data)
    pxCurrentTCB                             0x2000006c   Data           4  tasks.o(.data)
    hadc1                                    0x200000cc   Data          48  main.o(.bss)
    htim2                                    0x200000fc   Data          72  main.o(.bss)
    htim1                                    0x20000398   Data          72  stm32f1xx_hal_timebase_tim.o(.bss)
    __libspace_start                         0x200010d0   Data          96  libspace.o(.bss)
    __temporary_stack_top$libspace           0x20001130   Data           0  libspace.o(.bss)



==============================================================================

Memory Map of the image

  Image Entry point : 0x080000ed

  Load Region LR_IROM1 (Base: 0x08000000, Size: 0x000033a0, Max: 0x00010000, ABSOLUTE)

    Execution Region ER_IROM1 (Exec base: 0x08000000, Load base: 0x08000000, Size: 0x000032d4, Max: 0x00010000, ABSOLUTE)

    Exec Addr    Load Addr    Size         Type   Attr      Idx    E Section Name        Object

    0x08000000   0x08000000   0x000000ec   Data   RO            3    RESET               startup_stm32f103xb.o
    0x080000ec   0x080000ec   0x00000008   Code   RO         4075  * !!!main             c_w.l(__main.o)
    0x080000f4   0x080000f4   0x00000034   Code   RO         4295    !!!scatter          c_w.l(__scatter.o)
    0x08000128   0x08000128   0x0000001a   Code   RO         4297    !!handler_copy      c_w.l(__scatter_copy.o)
    0x08000142   0x08000142   0x00000002   PAD
    0x08000144   0x08000144   0x0000001c   Code   RO         4299    !!handler_zi        c_w.l(__scatter_zi.o)
    0x08000160   0x08000160   0x00000002   Code   RO         4163    .ARM.Collect$$libinit$$00000000  c_w.l(libinit.o)
    0x08000162   0x08000162   0x00000000   Code   RO         4172    .ARM.Collect$$libinit$$00000002  c_w.l(libinit2.o)
    0x08000162   0x08000162   0x00000000   Code   RO         4174    .ARM.Collect$$libinit$$00000004  c_w.l(libinit2.o)
    0x08000162   0x08000162   0x00000000   Code   RO         4177    .ARM.Collect$$libinit$$0000000A  c_w.l(libinit2.o)
    0x08000162   0x08000162   0x00000000   Code   RO         4179    .ARM.Collect$$libinit$$0000000C  c_w.l(libinit2.o)
    0x08000162   0x08000162   0x00000000   Code   RO         4181    .ARM.Collect$$libinit$$0000000E  c_w.l(libinit2.o)
    0x08000162   0x08000162   0x00000000   Code   RO         4184    .ARM.Collect$$libinit$$00000011  c_w.l(libinit2.o)
    0x08000162   0x08000162   0x00000000   Code   RO         4186    .ARM.Collect$$libinit$$00000013  c_w.l(libinit2.o)
    0x08000162   0x08000162   0x00000000   Code   RO         4188    .ARM.Collect$$libinit$$00000015  c_w.l(libinit2.o)
    0x08000162   0x08000162   0x00000000   Code   RO         4190    .ARM.Collect$$libinit$$00000017  c_w.l(libinit2.o)
    0x08000162   0x08000162   0x00000000   Code   RO         4192    .ARM.Collect$$libinit$$00000019  c_w.l(libinit2.o)
    0x08000162   0x08000162   0x00000000   Code   RO         4194    .ARM.Collect$$libinit$$0000001B  c_w.l(libinit2.o)
    0x08000162   0x08000162   0x00000000   Code   RO         4196    .ARM.Collect$$libinit$$0000001D  c_w.l(libinit2.o)
    0x08000162   0x08000162   0x00000000   Code   RO         4198    .ARM.Collect$$libinit$$0000001F  c_w.l(libinit2.o)
    0x08000162   0x08000162   0x00000000   Code   RO         4200    .ARM.Collect$$libinit$$00000021  c_w.l(libinit2.o)
    0x08000162   0x08000162   0x00000000   Code   RO         4202    .ARM.Collect$$libinit$$00000023  c_w.l(libinit2.o)
    0x08000162   0x08000162   0x00000000   Code   RO         4204    .ARM.Collect$$libinit$$00000025  c_w.l(libinit2.o)
    0x08000162   0x08000162   0x00000000   Code   RO         4208    .ARM.Collect$$libinit$$0000002C  c_w.l(libinit2.o)
    0x08000162   0x08000162   0x00000000   Code   RO         4210    .ARM.Collect$$libinit$$0000002E  c_w.l(libinit2.o)
    0x08000162   0x08000162   0x00000000   Code   RO         4212    .ARM.Collect$$libinit$$00000030  c_w.l(libinit2.o)
    0x08000162   0x08000162   0x00000000   Code   RO         4214    .ARM.Collect$$libinit$$00000032  c_w.l(libinit2.o)
    0x08000162   0x08000162   0x00000002   Code   RO         4215    .ARM.Collect$$libinit$$00000033  c_w.l(libinit2.o)
    0x08000164   0x08000164   0x00000002   Code   RO         4235    .ARM.Collect$$libshutdown$$00000000  c_w.l(libshutdown.o)
    0x08000166   0x08000166   0x00000000   Code   RO         4248    .ARM.Collect$$libshutdown$$00000002  c_w.l(libshutdown2.o)
    0x08000166   0x08000166   0x00000000   Code   RO         4250    .ARM.Collect$$libshutdown$$00000004  c_w.l(libshutdown2.o)
    0x08000166   0x08000166   0x00000000   Code   RO         4253    .ARM.Collect$$libshutdown$$00000007  c_w.l(libshutdown2.o)
    0x08000166   0x08000166   0x00000000   Code   RO         4256    .ARM.Collect$$libshutdown$$0000000A  c_w.l(libshutdown2.o)
    0x08000166   0x08000166   0x00000000   Code   RO         4258    .ARM.Collect$$libshutdown$$0000000C  c_w.l(libshutdown2.o)
    0x08000166   0x08000166   0x00000000   Code   RO         4261    .ARM.Collect$$libshutdown$$0000000F  c_w.l(libshutdown2.o)
    0x08000166   0x08000166   0x00000002   Code   RO         4262    .ARM.Collect$$libshutdown$$00000010  c_w.l(libshutdown2.o)
    0x08000168   0x08000168   0x00000000   Code   RO         4123    .ARM.Collect$$rtentry$$00000000  c_w.l(__rtentry.o)
    0x08000168   0x08000168   0x00000000   Code   RO         4138    .ARM.Collect$$rtentry$$00000002  c_w.l(__rtentry2.o)
    0x08000168   0x08000168   0x00000006   Code   RO         4150    .ARM.Collect$$rtentry$$00000004  c_w.l(__rtentry4.o)
    0x0800016e   0x0800016e   0x00000000   Code   RO         4140    .ARM.Collect$$rtentry$$00000009  c_w.l(__rtentry2.o)
    0x0800016e   0x0800016e   0x00000004   Code   RO         4141    .ARM.Collect$$rtentry$$0000000A  c_w.l(__rtentry2.o)
    0x08000172   0x08000172   0x00000000   Code   RO         4143    .ARM.Collect$$rtentry$$0000000C  c_w.l(__rtentry2.o)
    0x08000172   0x08000172   0x00000008   Code   RO         4144    .ARM.Collect$$rtentry$$0000000D  c_w.l(__rtentry2.o)
    0x0800017a   0x0800017a   0x00000002   Code   RO         4169    .ARM.Collect$$rtexit$$00000000  c_w.l(rtexit.o)
    0x0800017c   0x0800017c   0x00000000   Code   RO         4217    .ARM.Collect$$rtexit$$00000002  c_w.l(rtexit2.o)
    0x0800017c   0x0800017c   0x00000004   Code   RO         4218    .ARM.Collect$$rtexit$$00000003  c_w.l(rtexit2.o)
    0x08000180   0x08000180   0x00000006   Code   RO         4219    .ARM.Collect$$rtexit$$00000004  c_w.l(rtexit2.o)
    0x08000186   0x08000186   0x00000002   PAD
    0x08000188   0x08000188   0x00000096   Code   RO         3984    .emb_text           port.o
    0x0800021e   0x0800021e   0x00000002   PAD
    0x08000220   0x08000220   0x00000040   Code   RO            4    .text               startup_stm32f103xb.o
    0x08000260   0x08000260   0x00000064   Code   RO         4067    .text               c_w.l(rt_memcpy_w.o)
    0x080002c4   0x080002c4   0x0000004e   Code   RO         4071    .text               c_w.l(rt_memclr_w.o)
    0x08000312   0x08000312   0x00000006   Code   RO         4073    .text               c_w.l(heapauxi.o)
    0x08000318   0x08000318   0x0000004a   Code   RO         4154    .text               c_w.l(sys_stackheap_outer.o)
    0x08000362   0x08000362   0x00000012   Code   RO         4156    .text               c_w.l(exit.o)
    0x08000374   0x08000374   0x00000008   Code   RO         4166    .text               c_w.l(libspace.o)
    0x0800037c   0x0800037c   0x0000000c   Code   RO         4227    .text               c_w.l(sys_exit.o)
    0x08000388   0x08000388   0x00000002   Code   RO         4238    .text               c_w.l(use_no_semi.o)
    0x0800038a   0x0800038a   0x00000000   Code   RO         4240    .text               c_w.l(indicate_semi.o)
    0x0800038a   0x0800038a   0x00000002   PAD
    0x0800038c   0x0800038c   0x00000056   Code   RO          535    i.ADC_ConversionStop_Disable  stm32f1xx_hal_adc.o
    0x080003e2   0x080003e2   0x00000002   PAD
    0x080003e4   0x080003e4   0x0000007c   Code   RO          539    i.ADC_Enable        stm32f1xx_hal_adc.o
    0x08000460   0x08000460   0x00000002   Code   RO          278    i.BusFault_Handler  stm32f1xx_it.o
    0x08000462   0x08000462   0x00000002   Code   RO          279    i.DebugMon_Handler  stm32f1xx_it.o
    0x08000464   0x08000464   0x00000010   Code   RO           14    i.Delay_TIM_us      main.o
    0x08000474   0x08000474   0x000000fc   Code   RO          541    i.HAL_ADC_ConfigChannel  stm32f1xx_hal_adc.o
    0x08000570   0x08000570   0x00000006   Code   RO          548    i.HAL_ADC_GetValue  stm32f1xx_hal_adc.o
    0x08000576   0x08000576   0x00000002   PAD
    0x08000578   0x08000578   0x0000011c   Code   RO          550    i.HAL_ADC_Init      stm32f1xx_hal_adc.o
    0x08000694   0x08000694   0x00000058   Code   RO          343    i.HAL_ADC_MspInit   stm32f1xx_hal_msp.o
    0x080006ec   0x080006ec   0x000000c0   Code   RO          556    i.HAL_ADC_Start     stm32f1xx_hal_adc.o
    0x080007ac   0x080007ac   0x00000034   Code   RO          559    i.HAL_ADC_Stop      stm32f1xx_hal_adc.o
    0x080007e0   0x080007e0   0x000001e0   Code   RO         1126    i.HAL_GPIO_Init     stm32f1xx_hal_gpio.o
    0x080009c0   0x080009c0   0x0000000a   Code   RO         1130    i.HAL_GPIO_WritePin  stm32f1xx_hal_gpio.o
    0x080009ca   0x080009ca   0x00000002   PAD
    0x080009cc   0x080009cc   0x0000000c   Code   RO          822    i.HAL_GetTick       stm32f1xx_hal.o
    0x080009d8   0x080009d8   0x00000010   Code   RO          828    i.HAL_IncTick       stm32f1xx_hal.o
    0x080009e8   0x080009e8   0x00000024   Code   RO          829    i.HAL_Init          stm32f1xx_hal.o
    0x08000a0c   0x08000a0c   0x0000008c   Code   RO          390    i.HAL_InitTick      stm32f1xx_hal_timebase_tim.o
    0x08000a98   0x08000a98   0x00000048   Code   RO          344    i.HAL_MspInit       stm32f1xx_hal_msp.o
    0x08000ae0   0x08000ae0   0x0000001a   Code   RO         1286    i.HAL_NVIC_EnableIRQ  stm32f1xx_hal_cortex.o
    0x08000afa   0x08000afa   0x00000002   PAD
    0x08000afc   0x08000afc   0x00000040   Code   RO         1292    i.HAL_NVIC_SetPriority  stm32f1xx_hal_cortex.o
    0x08000b3c   0x08000b3c   0x00000024   Code   RO         1293    i.HAL_NVIC_SetPriorityGrouping  stm32f1xx_hal_cortex.o
    0x08000b60   0x08000b60   0x000000ec   Code   RO         1089    i.HAL_RCCEx_PeriphCLKConfig  stm32f1xx_hal_rcc_ex.o
    0x08000c4c   0x08000c4c   0x0000012c   Code   RO          986    i.HAL_RCC_ClockConfig  stm32f1xx_hal_rcc.o
    0x08000d78   0x08000d78   0x00000040   Code   RO          990    i.HAL_RCC_GetClockConfig  stm32f1xx_hal_rcc.o
    0x08000db8   0x08000db8   0x00000020   Code   RO          994    i.HAL_RCC_GetPCLK2Freq  stm32f1xx_hal_rcc.o
    0x08000dd8   0x08000dd8   0x0000006c   Code   RO          995    i.HAL_RCC_GetSysClockFreq  stm32f1xx_hal_rcc.o
    0x08000e44   0x08000e44   0x00000320   Code   RO          998    i.HAL_RCC_OscConfig  stm32f1xx_hal_rcc.o
    0x08001164   0x08001164   0x00000002   Code   RO         2492    i.HAL_TIMEx_BreakCallback  stm32f1xx_hal_tim_ex.o
    0x08001166   0x08001166   0x00000002   Code   RO         2493    i.HAL_TIMEx_CommutCallback  stm32f1xx_hal_tim_ex.o
    0x08001168   0x08001168   0x00000068   Code   RO         2511    i.HAL_TIMEx_MasterConfigSynchronization  stm32f1xx_hal_tim_ex.o
    0x080011d0   0x080011d0   0x0000005a   Code   RO         1788    i.HAL_TIM_Base_Init  stm32f1xx_hal_tim.o
    0x0800122a   0x0800122a   0x00000002   PAD
    0x0800122c   0x0800122c   0x00000024   Code   RO          346    i.HAL_TIM_Base_MspInit  stm32f1xx_hal_msp.o
    0x08001250   0x08001250   0x00000050   Code   RO         1791    i.HAL_TIM_Base_Start  stm32f1xx_hal_tim.o
    0x080012a0   0x080012a0   0x00000058   Code   RO         1793    i.HAL_TIM_Base_Start_IT  stm32f1xx_hal_tim.o
    0x080012f8   0x080012f8   0x000000d6   Code   RO         1797    i.HAL_TIM_ConfigClockSource  stm32f1xx_hal_tim.o
    0x080013ce   0x080013ce   0x00000002   Code   RO         1822    i.HAL_TIM_IC_CaptureCallback  stm32f1xx_hal_tim.o
    0x080013d0   0x080013d0   0x00000166   Code   RO         1836    i.HAL_TIM_IRQHandler  stm32f1xx_hal_tim.o
    0x08001536   0x08001536   0x00000002   Code   RO         1839    i.HAL_TIM_OC_DelayElapsedCallback  stm32f1xx_hal_tim.o
    0x08001538   0x08001538   0x00000002   Code   RO         1866    i.HAL_TIM_PWM_PulseFinishedCallback  stm32f1xx_hal_tim.o
    0x0800153a   0x0800153a   0x00000002   PAD
    0x0800153c   0x0800153c   0x00000014   Code   RO           16    i.HAL_TIM_PeriodElapsedCallback  main.o
    0x08001550   0x08001550   0x00000002   Code   RO         1879    i.HAL_TIM_TriggerCallback  stm32f1xx_hal_tim.o
    0x08001552   0x08001552   0x00000002   Code   RO          280    i.HardFault_Handler  stm32f1xx_it.o
    0x08001554   0x08001554   0x0000003c   Code   RO          430    i.LCD_Configure     lcd16x2.o
    0x08001590   0x08001590   0x00000020   Code   RO          431    i.LCD_Enable        lcd16x2.o
    0x080015b0   0x080015b0   0x00000044   Code   RO          433    i.LCD_Init          lcd16x2.o
    0x080015f4   0x080015f4   0x00000028   Code   RO          434    i.LCD_PutChar       lcd16x2.o
    0x0800161c   0x0800161c   0x00000016   Code   RO          435    i.LCD_Puts          lcd16x2.o
    0x08001632   0x08001632   0x00000002   PAD
    0x08001634   0x08001634   0x00000040   Code   RO          436    i.LCD_Send4bit      lcd16x2.o
    0x08001674   0x08001674   0x0000001c   Code   RO          437    i.LCD_SendCommand   lcd16x2.o
    0x08001690   0x08001690   0x0000004c   Code   RO           17    i.MX_ADC1_Init      main.o
    0x080016dc   0x080016dc   0x0000007c   Code   RO           18    i.MX_GPIO_Init      main.o
    0x08001758   0x08001758   0x00000064   Code   RO           19    i.MX_TIM2_Init      main.o
    0x080017bc   0x080017bc   0x00000002   Code   RO          281    i.MemManage_Handler  stm32f1xx_it.o
    0x080017be   0x080017be   0x00000002   Code   RO          282    i.NMI_Handler       stm32f1xx_it.o
    0x080017c0   0x080017c0   0x00000040   Code   RO           20    i.PWM_duty          main.o
    0x08001800   0x08001800   0x0000002c   Code   RO         3985    i.SysTick_Handler   port.o
    0x0800182c   0x0800182c   0x00000078   Code   RO           21    i.SystemClock_Config  main.o
    0x080018a4   0x080018a4   0x00000002   Code   RO         2760    i.SystemInit        system_stm32f1xx.o
    0x080018a6   0x080018a6   0x00000002   PAD
    0x080018a8   0x080018a8   0x0000000c   Code   RO          283    i.TIM1_UP_IRQHandler  stm32f1xx_it.o
    0x080018b4   0x080018b4   0x0000006c   Code   RO         1881    i.TIM_Base_SetConfig  stm32f1xx_hal_tim.o
    0x08001920   0x08001920   0x00000014   Code   RO         1892    i.TIM_ETR_SetConfig  stm32f1xx_hal_tim.o
    0x08001934   0x08001934   0x00000010   Code   RO         1893    i.TIM_ITRx_SetConfig  stm32f1xx_hal_tim.o
    0x08001944   0x08001944   0x00000022   Code   RO         1899    i.TIM_TI1_ConfigInputStage  stm32f1xx_hal_tim.o
    0x08001966   0x08001966   0x00000024   Code   RO         1901    i.TIM_TI2_ConfigInputStage  stm32f1xx_hal_tim.o
    0x0800198a   0x0800198a   0x00000002   PAD
    0x0800198c   0x0800198c   0x000000d8   Code   RO           22    i.TaskDisplay       main.o
    0x08001a64   0x08001a64   0x00000078   Code   RO           23    i.TaskPWM           main.o
    0x08001adc   0x08001adc   0x00000002   Code   RO          284    i.UsageFault_Handler  stm32f1xx_it.o
    0x08001ade   0x08001ade   0x00000020   Code   RO         1299    i.__NVIC_SetPriority  stm32f1xx_hal_cortex.o
    0x08001afe   0x08001afe   0x00000002   PAD
    0x08001b00   0x08001b00   0x00000060   Code   RO           24    i.main              main.o
    0x08001b60   0x08001b60   0x0000000c   Code   RO         3556    i.makeFreeRtosPriority  cmsis_os.o
    0x08001b6c   0x08001b6c   0x0000000e   Code   RO         3558    i.osDelay           cmsis_os.o
    0x08001b7a   0x08001b7a   0x0000000a   Code   RO         3561    i.osKernelStart     cmsis_os.o
    0x08001b84   0x08001b84   0x00000054   Code   RO         3595    i.osThreadCreate    cmsis_os.o
    0x08001bd8   0x08001bd8   0x00000070   Code   RO         3253    i.prvAddCurrentTaskToDelayedList  tasks.o
    0x08001c48   0x08001c48   0x000000d0   Code   RO         3254    i.prvAddNewTaskToReadyList  tasks.o
    0x08001d18   0x08001d18   0x00000034   Code   RO         3255    i.prvDeleteTCB      tasks.o
    0x08001d4c   0x08001d4c   0x0000004c   Code   RO         3923    i.prvHeapInit       heap_4.o
    0x08001d98   0x08001d98   0x00000060   Code   RO         3256    i.prvIdleTask       tasks.o
    0x08001df8   0x08001df8   0x0000008e   Code   RO         3257    i.prvInitialiseNewTask  tasks.o
    0x08001e86   0x08001e86   0x00000002   PAD
    0x08001e88   0x08001e88   0x0000004c   Code   RO         3924    i.prvInsertBlockIntoFreeList  heap_4.o
    0x08001ed4   0x08001ed4   0x00000020   Code   RO         3258    i.prvResetNextTaskUnblockTime  tasks.o
    0x08001ef4   0x08001ef4   0x00000028   Code   RO         3986    i.prvTaskExitError  port.o
    0x08001f1c   0x08001f1c   0x000000d8   Code   RO         3925    i.pvPortMalloc      heap_4.o
    0x08001ff4   0x08001ff4   0x00000024   Code   RO         3987    i.pxPortInitialiseStack  port.o
    0x08002018   0x08002018   0x00000026   Code   RO         2898    i.uxListRemove      list.o
    0x0800203e   0x0800203e   0x00000002   PAD
    0x08002040   0x08002040   0x00000014   Code   RO          244    i.vApplicationGetIdleTaskMemory  freertos.o
    0x08002054   0x08002054   0x00000016   Code   RO         2899    i.vListInitialise   list.o
    0x0800206a   0x0800206a   0x00000006   Code   RO         2900    i.vListInitialiseItem  list.o
    0x08002070   0x08002070   0x00000030   Code   RO         2901    i.vListInsert       list.o
    0x080020a0   0x080020a0   0x00000018   Code   RO         2902    i.vListInsertEnd    list.o
    0x080020b8   0x080020b8   0x00000040   Code   RO         3989    i.vPortEnterCritical  port.o
    0x080020f8   0x080020f8   0x00000028   Code   RO         3990    i.vPortExitCritical  port.o
    0x08002120   0x08002120   0x0000005c   Code   RO         3926    i.vPortFree         heap_4.o
    0x0800217c   0x0800217c   0x00000024   Code   RO         3991    i.vPortSetupTimerInterrupt  port.o
    0x080021a0   0x080021a0   0x0000004c   Code   RO         3266    i.vTaskDelay        tasks.o
    0x080021ec   0x080021ec   0x0000006c   Code   RO         3279    i.vTaskStartScheduler  tasks.o
    0x08002258   0x08002258   0x00000010   Code   RO         3281    i.vTaskSuspendAll   tasks.o
    0x08002268   0x08002268   0x0000005c   Code   RO         3282    i.vTaskSwitchContext  tasks.o
    0x080022c4   0x080022c4   0x000000a8   Code   RO         3993    i.xPortStartScheduler  port.o
    0x0800236c   0x0800236c   0x0000005a   Code   RO         3284    i.xTaskCreate       tasks.o
    0x080023c6   0x080023c6   0x00000056   Code   RO         3285    i.xTaskCreateStatic  tasks.o
    0x0800241c   0x0800241c   0x000000c8   Code   RO         3292    i.xTaskIncrementTick  tasks.o
    0x080024e4   0x080024e4   0x000000c4   Code   RO         3298    i.xTaskResumeAll    tasks.o
    0x080025a8   0x080025a8   0x00000062   Code   RO         4077    x$fpl$d2f           fz_ws.l(d2f.o)
    0x0800260a   0x0800260a   0x00000002   PAD
    0x0800260c   0x0800260c   0x00000150   Code   RO         4079    x$fpl$dadd          fz_ws.l(daddsub_clz.o)
    0x0800275c   0x0800275c   0x00000010   Code   RO         4126    x$fpl$dcheck1       fz_ws.l(dcheck1.o)
    0x0800276c   0x0800276c   0x000002b0   Code   RO         4086    x$fpl$ddiv          fz_ws.l(ddiv.o)
    0x08002a1c   0x08002a1c   0x0000005a   Code   RO         4089    x$fpl$dfixu         fz_ws.l(dfixu.o)
    0x08002a76   0x08002a76   0x00000026   Code   RO         4093    x$fpl$dfltu         fz_ws.l(dflt_clz.o)
    0x08002a9c   0x08002a9c   0x00000154   Code   RO         4099    x$fpl$dmul          fz_ws.l(dmul.o)
    0x08002bf0   0x08002bf0   0x0000009c   Code   RO         4128    x$fpl$dnaninf       fz_ws.l(dnaninf.o)
    0x08002c8c   0x08002c8c   0x0000000c   Code   RO         4130    x$fpl$dretinf       fz_ws.l(dretinf.o)
    0x08002c98   0x08002c98   0x000001d4   Code   RO         4081    x$fpl$dsub          fz_ws.l(daddsub_clz.o)
    0x08002e6c   0x08002e6c   0x000000c4   Code   RO         4101    x$fpl$fadd          fz_ws.l(faddsub_clz.o)
    0x08002f30   0x08002f30   0x00000036   Code   RO         4107    x$fpl$ffix          fz_ws.l(ffix.o)
    0x08002f66   0x08002f66   0x00000002   PAD
    0x08002f68   0x08002f68   0x0000003e   Code   RO         4111    x$fpl$ffixu         fz_ws.l(ffixu.o)
    0x08002fa6   0x08002fa6   0x00000002   PAD
    0x08002fa8   0x08002fa8   0x00000026   Code   RO         4115    x$fpl$ffltu         fz_ws.l(fflt_clz.o)
    0x08002fce   0x08002fce   0x0000008c   Code   RO         4132    x$fpl$fnaninf       fz_ws.l(fnaninf.o)
    0x0800305a   0x0800305a   0x0000000a   Code   RO         4134    x$fpl$fretinf       fz_ws.l(fretinf.o)
    0x08003064   0x08003064   0x00000014   Code   RO         4102    x$fpl$frsb          fz_ws.l(faddsub_clz.o)
    0x08003078   0x08003078   0x000000ea   Code   RO         4103    x$fpl$fsub          fz_ws.l(faddsub_clz.o)
    0x08003162   0x08003162   0x00000064   Code   RO         4152    x$fpl$retnan        fz_ws.l(retnan.o)
    0x080031c6   0x080031c6   0x0000005c   Code   RO         4121    x$fpl$scalbn        fz_ws.l(scalbn.o)
    0x08003222   0x08003222   0x00000030   Code   RO         4164    x$fpl$trapveneer    fz_ws.l(trapv.o)
    0x08003252   0x08003252   0x00000000   Code   RO         4136    x$fpl$usenofp       fz_ws.l(usenofp.o)
    0x08003252   0x08003252   0x00000002   PAD
    0x08003254   0x08003254   0x00000038   Data   RO           26    .constdata          main.o
    0x0800328c   0x0800328c   0x00000010   Data   RO         2761    .constdata          system_stm32f1xx.o
    0x0800329c   0x0800329c   0x00000008   Data   RO         2762    .constdata          system_stm32f1xx.o
    0x080032a4   0x080032a4   0x0000000e   Data   RO           27    .conststring        main.o
    0x080032b2   0x080032b2   0x00000002   PAD
    0x080032b4   0x080032b4   0x00000020   Data   RO         4293    Region$$Table       anon$$obj.o


    Execution Region RW_IRAM1 (Exec base: 0x20000000, Load base: 0x080032d4, Size: 0x00001730, Max: 0x00005000, ABSOLUTE)

    Exec Addr    Load Addr    Size         Type   Attr      Idx    E Section Name        Object

    0x20000000   0x080032d4   0x0000005a   Data   RW           28    .data               main.o
    0x2000005a   0x0800332e   0x00000002   PAD
    0x2000005c   0x08003330   0x0000000c   Data   RW          836    .data               stm32f1xx_hal.o
    0x20000068   0x0800333c   0x00000004   Data   RW         2763    .data               system_stm32f1xx.o
    0x2000006c   0x08003340   0x0000003c   Data   RW         3301    .data               tasks.o
    0x200000a8   0x0800337c   0x00000018   Data   RW         3931    .data               heap_4.o
    0x200000c0   0x08003394   0x0000000c   Data   RW         3994    .data               port.o
    0x200000cc        -       0x00000078   Zero   RW           25    .bss                main.o
    0x20000144        -       0x00000254   Zero   RW          245    .bss                freertos.o
    0x20000398        -       0x00000048   Zero   RW          393    .bss                stm32f1xx_hal_timebase_tim.o
    0x200003e0        -       0x000000f0   Zero   RW         3300    .bss                tasks.o
    0x200004d0        -       0x00000c00   Zero   RW         3930    .bss                heap_4.o
    0x200010d0        -       0x00000060   Zero   RW         4167    .bss                c_w.l(libspace.o)
    0x20001130        -       0x00000200   Zero   RW            2    HEAP                startup_stm32f103xb.o
    0x20001330        -       0x00000400   Zero   RW            1    STACK               startup_stm32f103xb.o


==============================================================================

Image component sizes


      Code (inc. data)   RO Data    RW Data    ZI Data      Debug   Object Name

       120          0          0          0          0      22113   cmsis_os.o
         0          0          0          0          0      18076   event_groups.o
        20          4          0          0        596       1148   freertos.o
       460         24          0         24       3072       7035   heap_4.o
       314         28          0          0          0       3646   lcd16x2.o
       138          0          0          0          0       3222   list.o
       952         96         70         90        120     468896   main.o
       578         60          0         12          0      10028   port.o
        64         26        236          0       1536        784   startup_stm32f103xb.o
        64         14          0         12          0       4470   stm32f1xx_hal.o
       996         42          0          0          0       5887   stm32f1xx_hal_adc.o
       158         14          0          0          0      28038   stm32f1xx_hal_cortex.o
       490         34          0          0          0       2808   stm32f1xx_hal_gpio.o
       196         28          0          0          0       1999   stm32f1xx_hal_msp.o
      1304         98          0          0          0       5082   stm32f1xx_hal_rcc.o
       236         12          0          0          0       1324   stm32f1xx_hal_rcc_ex.o
      1052         40          0          0          0       9898   stm32f1xx_hal_tim.o
       108         12          0          0          0       2257   stm32f1xx_hal_tim_ex.o
       140         22          0          0         72       1335   stm32f1xx_hal_timebase_tim.o
        24          6          0          0          0       2826   stm32f1xx_it.o
         0          0          0          0          0        392   stream_buffer.o
         2          0         24          4          0       1035   system_stm32f1xx.o
      1506        110          0         60        240      15662   tasks.o

    ----------------------------------------------------------------------
      8948        670        364        204       5636     617961   Object Totals
         0          0         32          0          0          0   (incl. Generated)
        26          0          2          2          0          0   (incl. Padding)

    ----------------------------------------------------------------------

      Code (inc. data)   RO Data    RW Data    ZI Data      Debug   Library Member Name

         8          0          0          0          0         68   __main.o
         0          0          0          0          0          0   __rtentry.o
        12          0          0          0          0          0   __rtentry2.o
         6          0          0          0          0          0   __rtentry4.o
        52          8          0          0          0          0   __scatter.o
        26          0          0          0          0          0   __scatter_copy.o
        28          0          0          0          0          0   __scatter_zi.o
        18          0          0          0          0         80   exit.o
         6          0          0          0          0        152   heapauxi.o
         0          0          0          0          0          0   indicate_semi.o
         2          0          0          0          0          0   libinit.o
         2          0          0          0          0          0   libinit2.o
         2          0          0          0          0          0   libshutdown.o
         2          0          0          0          0          0   libshutdown2.o
         8          4          0          0         96         68   libspace.o
        78          0          0          0          0         80   rt_memclr_w.o
       100          0          0          0          0         80   rt_memcpy_w.o
         2          0          0          0          0          0   rtexit.o
        10          0          0          0          0          0   rtexit2.o
        12          4          0          0          0         68   sys_exit.o
        74          0          0          0          0         80   sys_stackheap_outer.o
         2          0          0          0          0         68   use_no_semi.o
        98          4          0          0          0         92   d2f.o
       804         16          0          0          0        272   daddsub_clz.o
        16          4          0          0          0         68   dcheck1.o
       688        140          0          0          0        208   ddiv.o
        90          4          0          0          0         92   dfixu.o
        38          0          0          0          0         68   dflt_clz.o
       340         12          0          0          0        104   dmul.o
       156          4          0          0          0         92   dnaninf.o
        12          0          0          0          0         68   dretinf.o
       450          8          0          0          0        236   faddsub_clz.o
        54          4          0          0          0         84   ffix.o
        62          4          0          0          0         84   ffixu.o
        38          0          0          0          0         68   fflt_clz.o
       140          4          0          0          0         84   fnaninf.o
        10          0          0          0          0         68   fretinf.o
       100          0          0          0          0         68   retnan.o
        92          0          0          0          0         68   scalbn.o
        48          0          0          0          0         68   trapv.o
         0          0          0          0          0          0   usenofp.o

    ----------------------------------------------------------------------
      3700        220          0          0         96       2636   Library Totals
        14          0          0          0          0          0   (incl. Padding)

    ----------------------------------------------------------------------

      Code (inc. data)   RO Data    RW Data    ZI Data      Debug   Library Name

       450         16          0          0         96        744   c_w.l
      3236        204          0          0          0       1892   fz_ws.l

    ----------------------------------------------------------------------
      3700        220          0          0         96       2636   Library Totals

    ----------------------------------------------------------------------

==============================================================================


      Code (inc. data)   RO Data    RW Data    ZI Data      Debug   

     12648        890        364        204       5732     614145   Grand Totals
     12648        890        364        204       5732     614145   ELF Image Totals
     12648        890        364        204          0          0   ROM Totals

==============================================================================

    Total RO  Size (Code + RO Data)                13012 (  12.71kB)
    Total RW  Size (RW Data + ZI Data)              5936 (   5.80kB)
    Total ROM Size (Code + RO Data + RW Data)      13216 (  12.91kB)

==============================================================================

